[
  {
    "buried_volume": 85.16978454589844,
    "far_vbur": 19.73346710205078,
    "file": "/run/media/andrej-rumenovski/New Volume/Code/StericX/docs/benchmarks/morfeus_current/revision_policy/admitted_campaign/inputs/SIG-NIHDA-1057_be992081/conf_000.xyz",
    "max_delta_qvbur": 21.808223724365234,
    "near_vbur": 65.43631744384766,
    "ovbur_max": 20.84078025817871,
    "ovbur_min": 0.0,
    "percent_buried_volume": 47.42341232299805,
    "qvbur_max": 37.08913040161133,
    "qvbur_min": 12.401896476745605
  },
  {
    "buried_volume": 92.40034484863281,
    "far_vbur": 21.299245834350586,
    "file": "/run/media/andrej-rumenovski/New Volume/Code/StericX/docs/benchmarks/morfeus_current/revision_policy/admitted_campaign/inputs/SIG-NIHDA-1058_219b0b66/conf_000.xyz",
    "max_delta_qvbur": 18.20654296875,
    "near_vbur": 71.1010971069336,
    "ovbur_max": 21.050586700439453,
    "ovbur_min": 0.0,
    "percent_buried_volume": 51.449466705322266,
    "qvbur_max": 37.32224655151367,
    "qvbur_min": 14.604864120483398
  },
  {
    "buried_volume": 91.49506378173828,
    "far_vbur": 19.006916046142578,
    "file": "/run/media/andrej-rumenovski/New Volume/Code/StericX/docs/benchmarks/morfeus_current/revision_policy/admitted_campaign/inputs/SIG-NIHDA-1058_219b0b66/conf_001.xyz",
    "max_delta_qvbur": 16.283315658569336,
    "near_vbur": 72.48814392089844,
    "ovbur_max": 20.549381256103516,
    "ovbur_min": 0.0,
    "percent_buried_volume": 50.945396423339844,
    "qvbur_max": 35.95850372314453,
    "qvbur_min": 14.86129379272461
  },
  {
    "buried_volume": 65.22262573242188,
    "far_vbur": 4.067914962768555,
    "file": "/run/media/andrej-rumenovski/New Volume/Code/StericX/docs/benchmarks/morfeus_current/revision_policy/admitted_campaign/inputs/SIG-NIHDA-2062_d86f6436/conf_000.xyz",
    "max_delta_qvbur": 8.963401794433594,
    "near_vbur": 61.15470886230469,
    "ovbur_max": 19.756778717041016,
    "ovbur_min": 0.0,
    "percent_buried_volume": 36.31663131713867,
    "qvbur_max": 23.89463233947754,
    "qvbur_min": 9.802626609802246
  },
  {
    "buried_volume": 53.50843048095703,
    "far_vbur": 0.17095345258712769,
    "file": "/run/media/andrej-rumenovski/New Volume/Code/StericX/docs/benchmarks/morfeus_current/revision_policy/admitted_campaign/inputs/SIG-NIHDA-2062_d86f6436/conf_001.xyz",
    "max_delta_qvbur": 9.02168083190918,
    "near_vbur": 53.33747863769531,
    "ovbur_max": 18.591188430786133,
    "ovbur_min": 0.0,
    "percent_buried_volume": 29.79404640197754,
    "qvbur_max": 18.766027450561523,
    "qvbur_min": 9.744346618652344
  },
  {
    "buried_volume": 67.33235168457031,
    "far_vbur": 5.936747074127197,
    "file": "/run/media/andrej-rumenovski/New Volume/Code/StericX/docs/benchmarks/morfeus_current/revision_policy/admitted_campaign/inputs/SIG-NIHDA-2062_d86f6436/conf_002.xyz",
    "max_delta_qvbur": 15.665553092956543,
    "near_vbur": 61.395599365234375,
    "ovbur_max": 21.563447952270508,
    "ovbur_min": 0.0,
    "percent_buried_volume": 37.49134826660156,
    "qvbur_max": 27.298158645629883,
    "qvbur_min": 10.746755599975586
  },
  {
    "buried_volume": 70.2035903930664,
    "far_vbur": 8.982827186584473,
    "file": "/run/media/andrej-rumenovski/New Volume/Code/StericX/docs/benchmarks/morfeus_current/revision_policy/admitted_campaign/inputs/SIG-NIHDA-2062_d86f6436/conf_003.xyz",
    "max_delta_qvbur": 16.120134353637695,
    "near_vbur": 61.22076416015625,
    "ovbur_max": 21.866500854492188,
    "ovbur_min": 0.0,
    "percent_buried_volume": 39.09008026123047,
    "qvbur_max": 28.510374069213867,
    "qvbur_min": 10.29217529296875
  },
  {
    "buried_volume": 47.60276794433594,
    "far_vbur": 0.0,
    "file": "/run/media/andrej-rumenovski/New Volume/Code/StericX/docs/benchmarks/morfeus_current/revision_policy/admitted_campaign/inputs/SIG-NIHDA-2063_9978c6ba/conf_000.xyz",
    "max_delta_qvbur": 6.049421310424805,
    "near_vbur": 47.60276794433594,
    "ovbur_max": 15.409122467041016,
    "ovbur_min": 0.0,
    "percent_buried_volume": 26.505712509155273,
    "qvbur_max": 15.409122467041016,
    "qvbur_min": 9.359701156616211
  },
  {
    "buried_volume": 46.84901428222656,
    "far_vbur": 0.0,
    "file": "/run/media/andrej-rumenovski/New Volume/Code/StericX/docs/benchmarks/morfeus_current/revision_policy/admitted_campaign/inputs/SIG-NIHDA-2063_9978c6ba/conf_001.xyz",
    "max_delta_qvbur": 4.102883338928223,
    "near_vbur": 46.84901809692383,
    "ovbur_max": 13.847229957580566,
    "ovbur_min": 0.0,
    "percent_buried_volume": 26.086013793945312,
    "qvbur_max": 13.847229957580566,
    "qvbur_min": 9.709379196166992
  },
  {
    "buried_volume": 46.84901428222656,
    "far_vbur": 0.0,
    "file": "/run/media/andrej-rumenovski/New Volume/Code/StericX/docs/benchmarks/morfeus_current/revision_policy/admitted_campaign/inputs/SIG-NIHDA-2063_9978c6ba/conf_002.xyz",
    "max_delta_qvbur": 4.102883338928223,
    "near_vbur": 46.84901809692383,
    "ovbur_max": 13.847229957580566,
    "ovbur_min": 0.0,
    "percent_buried_volume": 26.086013793945312,
    "qvbur_max": 13.847229957580566,
    "qvbur_min": 9.709379196166992
  },
  {
    "buried_volume": 46.84124755859375,
    "far_vbur": 0.0,
    "file": "/run/media/andrej-rumenovski/New Volume/Code/StericX/docs/benchmarks/morfeus_current/revision_policy/admitted_campaign/inputs/SIG-NIHDA-2063_9978c6ba/conf_003.xyz",
    "max_delta_qvbur": 4.102883338928223,
    "near_vbur": 46.84124755859375,
    "ovbur_max": 13.847229957580566,
    "ovbur_min": 0.0,
    "percent_buried_volume": 26.081689834594727,
    "qvbur_max": 13.847229957580566,
    "qvbur_min": 9.709379196166992
  },
  {
    "buried_volume": 47.36964797973633,
    "far_vbur": 0.0,
    "file": "/run/media/andrej-rumenovski/New Volume/Code/StericX/docs/benchmarks/morfeus_current/revision_policy/admitted_campaign/inputs/SIG-NIHDA-2063_9978c6ba/conf_004.xyz",
    "max_delta_qvbur": 4.4525604248046875,
    "near_vbur": 47.36964797973633,
    "ovbur_max": 14.208562850952148,
    "ovbur_min": 0.0,
    "percent_buried_volume": 26.37590789794922,
    "qvbur_max": 14.208562850952148,
    "qvbur_min": 9.756002426147461
  },
  {
    "buried_volume": 48.908226013183594,
    "far_vbur": 0.0,
    "file": "/run/media/andrej-rumenovski/New Volume/Code/StericX/docs/benchmarks/morfeus_current/revision_policy/admitted_campaign/inputs/SIG-NIHDA-2064_f0ba08d0/conf_000.xyz",
    "max_delta_qvbur": 6.725464820861816,
    "near_vbur": 48.908226013183594,
    "ovbur_max": 16.00357437133789,
    "ovbur_min": 0.0,
    "percent_buried_volume": 27.23260498046875,
    "qvbur_max": 16.00357437133789,
    "qvbur_min": 9.278109550476074
  },
  {
    "buried_volume": 54.56523513793945,
    "far_vbur": 1.6551401615142822,
    "file": "/run/media/andrej-rumenovski/New Volume/Code/StericX/docs/benchmarks/morfeus_current/revision_policy/admitted_campaign/inputs/SIG-NIHDA-2064_f0ba08d0/conf_001.xyz",
    "max_delta_qvbur": 10.933249473571777,
    "near_vbur": 52.91009521484375,
    "ovbur_max": 19.057424545288086,
    "ovbur_min": 0.0,
    "percent_buried_volume": 30.382484436035156,
    "qvbur_max": 20.700908660888672,
    "qvbur_min": 9.767659187316895
  },
  {
    "buried_volume": 54.56523513793945,
    "far_vbur": 1.6551401615142822,
    "file": "/run/media/andrej-rumenovski/New Volume/Code/StericX/docs/benchmarks/morfeus_current/revision_policy/admitted_campaign/inputs/SIG-NIHDA-2064_f0ba08d0/conf_002.xyz",
    "max_delta_qvbur": 10.933249473571777,
    "near_vbur": 52.91009521484375,
    "ovbur_max": 19.057424545288086,
    "ovbur_min": 0.0,
    "percent_buried_volume": 30.382484436035156,
    "qvbur_max": 20.700908660888672,
    "qvbur_min": 9.767659187316895
  },
  {
    "buried_volume": 54.56135177612305,
    "far_vbur": 1.6512548923492432,
    "file": "/run/media/andrej-rumenovski/New Volume/Code/StericX/docs/benchmarks/morfeus_current/revision_policy/admitted_campaign/inputs/SIG-NIHDA-2064_f0ba08d0/conf_003.xyz",
    "max_delta_qvbur": 10.933249473571777,
    "near_vbur": 52.91009521484375,
    "ovbur_max": 19.057424545288086,
    "ovbur_min": 0.0,
    "percent_buried_volume": 30.38032341003418,
    "qvbur_max": 20.700908660888672,
    "qvbur_min": 9.767659187316895
  },
  {
    "buried_volume": 50.45458221435547,
    "far_vbur": 0.0,
    "file": "/run/media/andrej-rumenovski/New Volume/Code/StericX/docs/benchmarks/morfeus_current/revision_policy/admitted_campaign/inputs/SIG-NIHDA-2064_f0ba08d0/conf_004.xyz",
    "max_delta_qvbur": 6.3990983963012695,
    "near_vbur": 50.45458221435547,
    "ovbur_max": 16.166757583618164,
    "ovbur_min": 0.0,
    "percent_buried_volume": 28.0936336517334,
    "qvbur_max": 16.166757583618164,
    "qvbur_min": 9.767659187316895
  },
  {
    "buried_volume": 50.45458221435547,
    "far_vbur": 0.0,
    "file": "/run/media/andrej-rumenovski/New Volume/Code/StericX/docs/benchmarks/morfeus_current/revision_policy/admitted_campaign/inputs/SIG-NIHDA-2064_f0ba08d0/conf_005.xyz",
    "max_delta_qvbur": 6.3990983963012695,
    "near_vbur": 50.45458221435547,
    "ovbur_max": 16.166757583618164,
    "ovbur_min": 0.0,
    "percent_buried_volume": 28.0936336517334,
    "qvbur_max": 16.166757583618164,
    "qvbur_min": 9.767659187316895
  },
  {
    "buried_volume": 50.540061950683594,
    "far_vbur": 0.0,
    "file": "/run/media/andrej-rumenovski/New Volume/Code/StericX/docs/benchmarks/morfeus_current/revision_policy/admitted_campaign/inputs/SIG-NIHDA-2064_f0ba08d0/conf_006.xyz",
    "max_delta_qvbur": 7.226668357849121,
    "near_vbur": 50.54005432128906,
    "ovbur_max": 16.866111755371094,
    "ovbur_min": 0.0,
    "percent_buried_volume": 28.14122772216797,
    "qvbur_max": 16.866111755371094,
    "qvbur_min": 9.639443397521973
  },
  {
    "buried_volume": 50.540061950683594,
    "far_vbur": 0.0,
    "file": "/run/media/andrej-rumenovski/New Volume/Code/StericX/docs/benchmarks/morfeus_current/revision_policy/admitted_campaign/inputs/SIG-NIHDA-2064_f0ba08d0/conf_007.xyz",
    "max_delta_qvbur": 7.226668357849121,
    "near_vbur": 50.54005432128906,
    "ovbur_max": 16.866111755371094,
    "ovbur_min": 0.0,
    "percent_buried_volume": 28.14122772216797,
    "qvbur_max": 16.866111755371094,
    "qvbur_min": 9.639443397521973
  },
  {
    "buried_volume": 50.540061950683594,
    "far_vbur": 0.0,
    "file": "/run/media/andrej-rumenovski/New Volume/Code/StericX/docs/benchmarks/morfeus_current/revision_policy/admitted_campaign/inputs/SIG-NIHDA-2064_f0ba08d0/conf_008.xyz",
    "max_delta_qvbur": 7.226668357849121,
    "near_vbur": 50.54005432128906,
    "ovbur_max": 16.866111755371094,
    "ovbur_min": 0.0,
    "percent_buried_volume": 28.14122772216797,
    "qvbur_max": 16.866111755371094,
    "qvbur_min": 9.639443397521973
  },
  {
    "buried_volume": 50.540061950683594,
    "far_vbur": 0.0,
    "file": "/run/media/andrej-rumenovski/New Volume/Code/StericX/docs/benchmarks/morfeus_current/revision_policy/admitted_campaign/inputs/SIG-NIHDA-2064_f0ba08d0/conf_009.xyz",
    "max_delta_qvbur": 7.226668357849121,
    "near_vbur": 50.540061950683594,
    "ovbur_max": 16.866111755371094,
    "ovbur_min": 0.0,
    "percent_buried_volume": 28.14122772216797,
    "qvbur_max": 16.866111755371094,
    "qvbur_min": 9.639443397521973
  },
  {
    "buried_volume": 49.230712890625,
    "far_vbur": 0.0,
    "file": "/run/media/andrej-rumenovski/New Volume/Code/StericX/docs/benchmarks/morfeus_current/revision_policy/admitted_campaign/inputs/SIG-NIHDA-2064_f0ba08d0/conf_010.xyz",
    "max_delta_qvbur": 5.245162010192871,
    "near_vbur": 49.230712890625,
    "ovbur_max": 15.304219245910645,
    "ovbur_min": 0.0,
    "percent_buried_volume": 27.412166595458984,
    "qvbur_max": 15.304219245910645,
    "qvbur_min": 9.49957275390625
  },
  {
    "buried_volume": 49.234596252441406,
    "far_vbur": 0.0,
    "file": "/run/media/andrej-rumenovski/New Volume/Code/StericX/docs/benchmarks/morfeus_current/revision_policy/admitted_campaign/inputs/SIG-NIHDA-2064_f0ba08d0/conf_011.xyz",
    "max_delta_qvbur": 5.256817817687988,
    "near_vbur": 49.234596252441406,
    "ovbur_max": 15.315875053405762,
    "ovbur_min": 0.0,
    "percent_buried_volume": 27.414331436157227,
    "qvbur_max": 15.315875053405762,
    "qvbur_min": 9.49957275390625
  },
  {
    "buried_volume": 76.62211608886719,
    "far_vbur": 16.520320892333984,
    "file": "/run/media/andrej-rumenovski/New Volume/Code/StericX/docs/benchmarks/morfeus_current/revision_policy/admitted_campaign/inputs/SIG-NIHDA-2067_1f828bfa/conf_000.xyz",
    "max_delta_qvbur": 23.13699722290039,
    "near_vbur": 60.10179138183594,
    "ovbur_max": 21.470199584960938,
    "ovbur_min": 0.0,
    "percent_buried_volume": 42.66398620605469,
    "qvbur_max": 36.36646270751953,
    "qvbur_min": 10.128992080688477
  },
  {
    "buried_volume": 76.62211608886719,
    "far_vbur": 16.520320892333984,
    "file": "/run/media/andrej-rumenovski/New Volume/Code/StericX/docs/benchmarks/morfeus_current/revision_policy/admitted_campaign/inputs/SIG-NIHDA-2067_1f828bfa/conf_001.xyz",
    "max_delta_qvbur": 23.13699722290039,
    "near_vbur": 60.10179138183594,
    "ovbur_max": 21.470199584960938,
    "ovbur_min": 0.0,
    "percent_buried_volume": 42.66398620605469,
    "qvbur_max": 36.36646270751953,
    "qvbur_min": 10.128992080688477
  },
  {
    "buried_volume": 75.13793182373047,
    "far_vbur": 14.845752716064453,
    "file": "/run/media/andrej-rumenovski/New Volume/Code/StericX/docs/benchmarks/morfeus_current/revision_policy/admitted_campaign/inputs/SIG-NIHDA-2067_1f828bfa/conf_002.xyz",
    "max_delta_qvbur": 24.22099494934082,
    "near_vbur": 60.29217529296875,
    "ovbur_max": 21.714975357055664,
    "ovbur_min": 0.0,
    "percent_buried_volume": 41.83757781982422,
    "qvbur_max": 33.90706253051758,
    "qvbur_min": 9.686067581176758
  },
  {
    "buried_volume": 75.13015747070312,
    "far_vbur": 14.841867446899414,
    "file": "/run/media/andrej-rumenovski/New Volume/Code/StericX/docs/benchmarks/morfeus_current/revision_policy/admitted_campaign/inputs/SIG-NIHDA-2067_1f828bfa/conf_003.xyz",
    "max_delta_qvbur": 24.22099494934082,
    "near_vbur": 60.288291931152344,
    "ovbur_max": 21.714975357055664,
    "ovbur_min": 0.0,
    "percent_buried_volume": 41.83324432373047,
    "qvbur_max": 33.90706253051758,
    "qvbur_min": 9.686067581176758
  },
  {
    "buried_volume": 71.16714477539062,
    "far_vbur": 12.541767120361328,
    "file": "/run/media/andrej-rumenovski/New Volume/Code/StericX/docs/benchmarks/morfeus_current/revision_policy/admitted_campaign/inputs/SIG-NIHDA-2067_1f828bfa/conf_004.xyz",
    "max_delta_qvbur": 22.61248016357422,
    "near_vbur": 58.6253776550293,
    "ovbur_max": 21.645038604736328,
    "ovbur_min": 0.0,
    "percent_buried_volume": 39.62660217285156,
    "qvbur_max": 33.76719284057617,
    "qvbur_min": 9.790970802307129
  },
  {
    "buried_volume": 61.6598014831543,
    "far_vbur": 3.9047322273254395,
    "file": "/run/media/andrej-rumenovski/New Volume/Code/StericX/docs/benchmarks/morfeus_current/revision_policy/admitted_campaign/inputs/SIG-NIHDA-2067_1f828bfa/conf_005.xyz",
    "max_delta_qvbur": 13.695701599121094,
    "near_vbur": 57.755069732666016,
    "ovbur_max": 20.88740348815918,
    "ovbur_min": 0.0,
    "percent_buried_volume": 34.33281326293945,
    "qvbur_max": 24.83875846862793,
    "qvbur_min": 9.837594032287598
  },
  {
    "buried_volume": 63.15952682495117,
    "far_vbur": 4.269950866699219,
    "file": "/run/media/andrej-rumenovski/New Volume/Code/StericX/docs/benchmarks/morfeus_current/revision_policy/admitted_campaign/inputs/SIG-NIHDA-2067_1f828bfa/conf_006.xyz",
    "max_delta_qvbur": 15.362499237060547,
    "near_vbur": 58.88957977294922,
    "ovbur_max": 21.63338279724121,
    "ovbur_min": 0.0,
    "percent_buried_volume": 35.167877197265625,
    "qvbur_max": 25.67798614501953,
    "qvbur_min": 9.954153060913086
  },
  {
    "buried_volume": 61.05369567871094,
    "far_vbur": 3.123785972595215,
    "file": "/run/media/andrej-rumenovski/New Volume/Code/StericX/docs/benchmarks/morfeus_current/revision_policy/admitted_campaign/inputs/SIG-NIHDA-2067_1f828bfa/conf_007.xyz",
    "max_delta_qvbur": 13.276091575622559,
    "near_vbur": 57.929908752441406,
    "ovbur_max": 19.93161964416504,
    "ovbur_min": 0.0,
    "percent_buried_volume": 33.99532699584961,
    "qvbur_max": 23.078718185424805,
    "qvbur_min": 9.802626609802246
  },
  {
    "buried_volume": 76.2491226196289,
    "far_vbur": 10.094023704528809,
    "file": "/run/media/andrej-rumenovski/New Volume/Code/StericX/docs/benchmarks/morfeus_current/revision_policy/admitted_campaign/inputs/SIG-NIHDA-2067_1f828bfa/conf_008.xyz",
    "max_delta_qvbur": 17.693681716918945,
    "near_vbur": 66.15510559082031,
    "ovbur_max": 22.052995681762695,
    "ovbur_min": 0.0,
    "percent_buried_volume": 42.456298828125,
    "qvbur_max": 29.477815628051758,
    "qvbur_min": 9.779314994812012
  },
  {
    "buried_volume": 55.89789581298828,
    "far_vbur": 0.05439428240060806,
    "file": "/run/media/andrej-rumenovski/New Volume/Code/StericX/docs/benchmarks/morfeus_current/revision_policy/admitted_campaign/inputs/SIG-NIHDA-2067_1f828bfa/conf_009.xyz",
    "max_delta_qvbur": 7.622969627380371,
    "near_vbur": 55.84349822998047,
    "ovbur_max": 17.55381202697754,
    "ovbur_min": 0.0,
    "percent_buried_volume": 31.124523162841797,
    "qvbur_max": 17.612091064453125,
    "qvbur_min": 9.977465629577637
  },
  {
    "buried_volume": 76.64154052734375,
    "far_vbur": 17.025409698486328,
    "file": "/run/media/andrej-rumenovski/New Volume/Code/StericX/docs/benchmarks/morfeus_current/revision_policy/admitted_campaign/inputs/SIG-NIHDA-2067_1f828bfa/conf_010.xyz",
    "max_delta_qvbur": 26.45893096923828,
    "near_vbur": 59.61613464355469,
    "ovbur_max": 20.98065185546875,
    "ovbur_min": 0.0,
    "percent_buried_volume": 42.674800872802734,
    "qvbur_max": 36.23824691772461,
    "qvbur_min": 9.779314994812012
  },
  {
    "buried_volume": 43.56204605102539,
    "far_vbur": 0.0,
    "file": "/run/media/andrej-rumenovski/New Volume/Code/StericX/docs/benchmarks/morfeus_current/revision_policy/admitted_campaign/inputs/SIG-NIHDA-401_9d42bff1/conf_000.xyz",
    "max_delta_qvbur": 3.79982852935791,
    "near_vbur": 43.562049865722656,
    "ovbur_max": 13.532520294189453,
    "ovbur_min": 0.0,
    "percent_buried_volume": 24.255796432495117,
    "qvbur_max": 13.532520294189453,
    "qvbur_min": 9.732691764831543
  },
  {
    "buried_volume": 43.558162689208984,
    "far_vbur": 0.0,
    "file": "/run/media/andrej-rumenovski/New Volume/Code/StericX/docs/benchmarks/morfeus_current/revision_policy/admitted_campaign/inputs/SIG-NIHDA-401_9d42bff1/conf_001.xyz",
    "max_delta_qvbur": 3.79982852935791,
    "near_vbur": 43.558162689208984,
    "ovbur_max": 13.532520294189453,
    "ovbur_min": 0.0,
    "percent_buried_volume": 24.253633499145508,
    "qvbur_max": 13.532520294189453,
    "qvbur_min": 9.732691764831543
  },
  {
    "buried_volume": 43.558162689208984,
    "far_vbur": 0.0,
    "file": "/run/media/andrej-rumenovski/New Volume/Code/StericX/docs/benchmarks/morfeus_current/revision_policy/admitted_campaign/inputs/SIG-NIHDA-401_9d42bff1/conf_002.xyz",
    "max_delta_qvbur": 3.79982852935791,
    "near_vbur": 43.558162689208984,
    "ovbur_max": 13.532520294189453,
    "ovbur_min": 0.0,
    "percent_buried_volume": 24.253633499145508,
    "qvbur_max": 13.532520294189453,
    "qvbur_min": 9.732691764831543
  },
  {
    "buried_volume": 45.62514877319336,
    "far_vbur": 0.0,
    "file": "/run/media/andrej-rumenovski/New Volume/Code/StericX/docs/benchmarks/morfeus_current/revision_policy/admitted_campaign/inputs/SIG-NIHDA-401_9d42bff1/conf_003.xyz",
    "max_delta_qvbur": 6.340819358825684,
    "near_vbur": 45.625144958496094,
    "ovbur_max": 15.85204792022705,
    "ovbur_min": 0.0,
    "percent_buried_volume": 25.40455436706543,
    "qvbur_max": 15.85204792022705,
    "qvbur_min": 9.511228561401367
  },
  {
    "buried_volume": 45.62514877319336,
    "far_vbur": 0.0,
    "file": "/run/media/andrej-rumenovski/New Volume/Code/StericX/docs/benchmarks/morfeus_current/revision_policy/admitted_campaign/inputs/SIG-NIHDA-401_9d42bff1/conf_004.xyz",
    "max_delta_qvbur": 6.340819358825684,
    "near_vbur": 45.625144958496094,
    "ovbur_max": 15.85204792022705,
    "ovbur_min": 0.0,
    "percent_buried_volume": 25.40455436706543,
    "qvbur_max": 15.85204792022705,
    "qvbur_min": 9.511228561401367
  },
  {
    "buried_volume": 45.62514877319336,
    "far_vbur": 0.0,
    "file": "/run/media/andrej-rumenovski/New Volume/Code/StericX/docs/benchmarks/morfeus_current/revision_policy/admitted_campaign/inputs/SIG-NIHDA-401_9d42bff1/conf_005.xyz",
    "max_delta_qvbur": 6.340819358825684,
    "near_vbur": 45.625144958496094,
    "ovbur_max": 15.85204792022705,
    "ovbur_min": 0.0,
    "percent_buried_volume": 25.40455436706543,
    "qvbur_max": 15.85204792022705,
    "qvbur_min": 9.511228561401367
  },
  {
    "buried_volume": 53.07716369628906,
    "far_vbur": 0.6838138699531555,
    "file": "/run/media/andrej-rumenovski/New Volume/Code/StericX/docs/benchmarks/morfeus_current/revision_policy/admitted_campaign/inputs/SIG-NIHDA-498_7d70a0ce/conf_000.xyz",
    "max_delta_qvbur": 8.648691177368164,
    "near_vbur": 52.393348693847656,
    "ovbur_max": 17.833553314208984,
    "ovbur_min": 0.0,
    "percent_buried_volume": 29.553911209106445,
    "qvbur_max": 18.532909393310547,
    "qvbur_min": 9.779314994812012
  },
  {
    "buried_volume": 53.07716369628906,
    "far_vbur": 0.6838138699531555,
    "file": "/run/media/andrej-rumenovski/New Volume/Code/StericX/docs/benchmarks/morfeus_current/revision_policy/admitted_campaign/inputs/SIG-NIHDA-498_7d70a0ce/conf_001.xyz",
    "max_delta_qvbur": 8.648691177368164,
    "near_vbur": 52.393348693847656,
    "ovbur_max": 17.833553314208984,
    "ovbur_min": 0.0,
    "percent_buried_volume": 29.553911209106445,
    "qvbur_max": 18.532909393310547,
    "qvbur_min": 9.779314994812012
  },
  {
    "buried_volume": 53.07716369628906,
    "far_vbur": 0.6838138699531555,
    "file": "/run/media/andrej-rumenovski/New Volume/Code/StericX/docs/benchmarks/morfeus_current/revision_policy/admitted_campaign/inputs/SIG-NIHDA-498_7d70a0ce/conf_002.xyz",
    "max_delta_qvbur": 8.648691177368164,
    "near_vbur": 52.393348693847656,
    "ovbur_max": 17.833553314208984,
    "ovbur_min": 0.0,
    "percent_buried_volume": 29.553911209106445,
    "qvbur_max": 18.532909393310547,
    "qvbur_min": 9.779314994812012
  },
  {
    "buried_volume": 53.07716369628906,
    "far_vbur": 0.6838138699531555,
    "file": "/run/media/andrej-rumenovski/New Volume/Code/StericX/docs/benchmarks/morfeus_current/revision_policy/admitted_campaign/inputs/SIG-NIHDA-498_7d70a0ce/conf_003.xyz",
    "max_delta_qvbur": 8.648691177368164,
    "near_vbur": 52.393348693847656,
    "ovbur_max": 17.833553314208984,
    "ovbur_min": 0.0,
    "percent_buried_volume": 29.553911209106445,
    "qvbur_max": 18.532909393310547,
    "qvbur_min": 9.779314994812012
  },
  {
    "buried_volume": 53.07716369628906,
    "far_vbur": 0.6838138699531555,
    "file": "/run/media/andrej-rumenovski/New Volume/Code/StericX/docs/benchmarks/morfeus_current/revision_policy/admitted_campaign/inputs/SIG-NIHDA-498_7d70a0ce/conf_004.xyz",
    "max_delta_qvbur": 8.648691177368164,
    "near_vbur": 52.393348693847656,
    "ovbur_max": 17.833553314208984,
    "ovbur_min": 0.0,
    "percent_buried_volume": 29.553911209106445,
    "qvbur_max": 18.532909393310547,
    "qvbur_min": 9.779314994812012
  },
  {
    "buried_volume": 53.07716369628906,
    "far_vbur": 0.6838138699531555,
    "file": "/run/media/andrej-rumenovski/New Volume/Code/StericX/docs/benchmarks/morfeus_current/revision_policy/admitted_campaign/inputs/SIG-NIHDA-498_7d70a0ce/conf_005.xyz",
    "max_delta_qvbur": 8.648691177368164,
    "near_vbur": 52.393348693847656,
    "ovbur_max": 17.833553314208984,
    "ovbur_min": 0.0,
    "percent_buried_volume": 29.553911209106445,
    "qvbur_max": 18.532909393310547,
    "qvbur_min": 9.779314994812012
  },
  {
    "buried_volume": 53.07716369628906,
    "far_vbur": 0.6838138699531555,
    "file": "/run/media/andrej-rumenovski/New Volume/Code/StericX/docs/benchmarks/morfeus_current/revision_policy/admitted_campaign/inputs/SIG-NIHDA-498_7d70a0ce/conf_006.xyz",
    "max_delta_qvbur": 8.648691177368164,
    "near_vbur": 52.393348693847656,
    "ovbur_max": 17.833553314208984,
    "ovbur_min": 0.0,
    "percent_buried_volume": 29.553911209106445,
    "qvbur_max": 18.532909393310547,
    "qvbur_min": 9.779314994812012
  },
  {
    "buried_volume": 53.07716369628906,
    "far_vbur": 0.6838138699531555,
    "file": "/run/media/andrej-rumenovski/New Volume/Code/StericX/docs/benchmarks/morfeus_current/revision_policy/admitted_campaign/inputs/SIG-NIHDA-498_7d70a0ce/conf_007.xyz",
    "max_delta_qvbur": 8.648691177368164,
    "near_vbur": 52.393348693847656,
    "ovbur_max": 17.833553314208984,
    "ovbur_min": 0.0,
    "percent_buried_volume": 29.553911209106445,
    "qvbur_max": 18.532909393310547,
    "qvbur_min": 9.779314994812012
  },
  {
    "buried_volume": 53.07716369628906,
    "far_vbur": 0.6838138699531555,
    "file": "/run/media/andrej-rumenovski/New Volume/Code/StericX/docs/benchmarks/morfeus_current/revision_policy/admitted_campaign/inputs/SIG-NIHDA-498_7d70a0ce/conf_008.xyz",
    "max_delta_qvbur": 8.648691177368164,
    "near_vbur": 52.393348693847656,
    "ovbur_max": 17.833553314208984,
    "ovbur_min": 0.0,
    "percent_buried_volume": 29.553911209106445,
    "qvbur_max": 18.532909393310547,
    "qvbur_min": 9.779314994812012
  },
  {
    "buried_volume": 80.52296447753906,
    "far_vbur": 19.263347625732422,
    "file": "/run/media/andrej-rumenovski/New Volume/Code/StericX/docs/benchmarks/morfeus_current/revision_policy/admitted_campaign/inputs/SIG-NIHDA-723_1db84e66/conf_000.xyz",
    "max_delta_qvbur": 25.514802932739258,
    "near_vbur": 61.25961685180664,
    "ovbur_max": 20.700908660888672,
    "ovbur_min": 0.0,
    "percent_buried_volume": 44.83601760864258,
    "qvbur_max": 36.611236572265625,
    "qvbur_min": 10.070712089538574
  },
  {
    "buried_volume": 80.53073120117188,
    "far_vbur": 19.26723289489746,
    "file": "/run/media/andrej-rumenovski/New Volume/Code/StericX/docs/benchmarks/morfeus_current/revision_policy/admitted_campaign/inputs/SIG-NIHDA-723_1db84e66/conf_001.xyz",
    "max_delta_qvbur": 25.50314712524414,
    "near_vbur": 61.26350402832031,
    "ovbur_max": 20.700908660888672,
    "ovbur_min": 0.0,
    "percent_buried_volume": 44.8403434753418,
    "qvbur_max": 36.611236572265625,
    "qvbur_min": 10.070712089538574
  },
  {
    "buried_volume": 75.77123260498047,
    "far_vbur": 15.331417083740234,
    "file": "/run/media/andrej-rumenovski/New Volume/Code/StericX/docs/benchmarks/morfeus_current/revision_policy/admitted_campaign/inputs/SIG-NIHDA-724_0d5c5a07/conf_000.xyz",
    "max_delta_qvbur": 23.638198852539062,
    "near_vbur": 60.439815521240234,
    "ovbur_max": 20.327919006347656,
    "ovbur_min": 0.0,
    "percent_buried_volume": 42.19020462036133,
    "qvbur_max": 33.219364166259766,
    "qvbur_min": 9.581164360046387
  },
  {
    "buried_volume": 75.7751235961914,
    "far_vbur": 15.335302352905273,
    "file": "/run/media/andrej-rumenovski/New Volume/Code/StericX/docs/benchmarks/morfeus_current/revision_policy/admitted_campaign/inputs/SIG-NIHDA-724_0d5c5a07/conf_001.xyz",
    "max_delta_qvbur": 23.638198852539062,
    "near_vbur": 60.4398193359375,
    "ovbur_max": 20.327919006347656,
    "ovbur_min": 0.0,
    "percent_buried_volume": 42.1923713684082,
    "qvbur_max": 33.219364166259766,
    "qvbur_min": 9.581164360046387
  },
  {
    "buried_volume": 47.53671646118164,
    "far_vbur": 0.0,
    "file": "/run/media/andrej-rumenovski/New Volume/Code/StericX/docs/benchmarks/morfeus_current/revision_policy/admitted_campaign/inputs/SIG-NIHDA-785_fe24eb0f/conf_000.xyz",
    "max_delta_qvbur": 6.072732925415039,
    "near_vbur": 47.53671646118164,
    "ovbur_max": 15.43243408203125,
    "ovbur_min": 0.0,
    "percent_buried_volume": 26.46893310546875,
    "qvbur_max": 15.43243408203125,
    "qvbur_min": 9.359701156616211
  },
  {
    "buried_volume": 47.53671646118164,
    "far_vbur": 0.0,
    "file": "/run/media/andrej-rumenovski/New Volume/Code/StericX/docs/benchmarks/morfeus_current/revision_policy/admitted_campaign/inputs/SIG-NIHDA-785_fe24eb0f/conf_001.xyz",
    "max_delta_qvbur": 6.072732925415039,
    "near_vbur": 47.53671646118164,
    "ovbur_max": 15.43243408203125,
    "ovbur_min": 0.0,
    "percent_buried_volume": 26.46893310546875,
    "qvbur_max": 15.43243408203125,
    "qvbur_min": 9.359701156616211
  }
]
