n56 w1 warmup stericx: 0.0315 s
n56 w1 warmup morfeus: 1.0631 s
n56 w1 pair0 stericx: 0.0314 s
n56 w1 pair0 morfeus: 1.0590 s
n56 w1 pair1 morfeus: 1.0349 s
n56 w1 pair1 stericx: 0.0313 s
n56 w1 pair2 stericx: 0.0314 s
n56 w1 pair2 morfeus: 1.0640 s
n56 w1 pair3 morfeus: 1.0660 s
n56 w1 pair3 stericx: 0.0314 s
n56 w2 warmup stericx: 0.0186 s
n56 w2 warmup morfeus: 0.9186 s
n56 w2 pair0 stericx: 0.0182 s
n56 w2 pair0 morfeus: 0.9331 s
n56 w2 pair1 morfeus: 0.9151 s
n56 w2 pair1 stericx: 0.0182 s
n56 w2 pair2 stericx: 0.0182 s
n56 w2 pair2 morfeus: 0.9421 s
n56 w2 pair3 morfeus: 0.9458 s
n56 w2 pair3 stericx: 0.0185 s
n56 w4 warmup stericx: 0.0119 s
n56 w4 warmup morfeus: 0.7792 s
n56 w4 pair0 stericx: 0.0127 s
n56 w4 pair0 morfeus: 0.7604 s
n56 w4 pair1 morfeus: 0.7544 s
n56 w4 pair1 stericx: 0.0123 s
n56 w4 pair2 stericx: 0.0120 s
n56 w4 pair2 morfeus: 0.7752 s
n56 w4 pair3 morfeus: 0.7672 s
n56 w4 pair3 stericx: 0.0117 s
n56 w6 warmup stericx: 0.0096 s
n56 w6 warmup morfeus: 0.7830 s
n56 w6 pair0 stericx: 0.0116 s
n56 w6 pair0 morfeus: 0.6974 s
n56 w6 pair1 morfeus: 0.7168 s
n56 w6 pair1 stericx: 0.0107 s
n56 w6 pair2 stericx: 0.0111 s
n56 w6 pair2 morfeus: 0.7092 s
n56 w6 pair3 morfeus: 0.6952 s
n56 w6 pair3 stericx: 0.0102 s
n1000 w1 warmup stericx: 0.5468 s
n1000 w1 warmup morfeus: 14.5471 s
n1000 w1 pair0 stericx: 0.5523 s
n1000 w1 pair0 morfeus: 14.8584 s
n1000 w1 pair1 morfeus: 15.0393 s
n1000 w1 pair1 stericx: 0.5319 s
n1000 w1 pair2 stericx: 0.5437 s
n1000 w1 pair2 morfeus: 14.9495 s
n1000 w1 pair3 morfeus: 15.1605 s
n1000 w1 pair3 stericx: 0.5674 s
n1000 w2 warmup stericx: 0.3113 s
n1000 w2 warmup morfeus: 8.5110 s
n1000 w2 pair0 stericx: 0.3160 s
n1000 w2 pair0 morfeus: 8.3683 s
n1000 w2 pair1 morfeus: 8.2159 s
n1000 w2 pair1 stericx: 0.3218 s
n1000 w2 pair2 stericx: 0.3137 s
n1000 w2 pair2 morfeus: 8.2097 s
n1000 w2 pair3 morfeus: 8.1017 s
n1000 w2 pair3 stericx: 0.3094 s
n1000 w4 warmup stericx: 0.1975 s
n1000 w4 warmup morfeus: 4.5912 s
n1000 w4 pair0 stericx: 0.1992 s
n1000 w4 pair0 morfeus: 4.7067 s
n1000 w4 pair1 morfeus: 4.6552 s
n1000 w4 pair1 stericx: 0.1888 s
n1000 w4 pair2 stericx: 0.1841 s
n1000 w4 pair2 morfeus: 4.7690 s
n1000 w4 pair3 morfeus: 4.6251 s
n1000 w4 pair3 stericx: 0.1910 s
n1000 w6 warmup stericx: 0.1466 s
n1000 w6 warmup morfeus: 3.4929 s
n1000 w6 pair0 stericx: 0.1507 s
n1000 w6 pair0 morfeus: 3.5035 s
n1000 w6 pair1 morfeus: 3.4805 s
n1000 w6 pair1 stericx: 0.1717 s
n1000 w6 pair2 stericx: 0.1516 s
n1000 w6 pair2 morfeus: 3.4681 s
n1000 w6 pair3 morfeus: 3.5350 s
n1000 w6 pair3 stericx: 0.1592 s
n10000 w1 warmup stericx: 5.6047 s
n10000 w1 warmup morfeus: 128.8225 s
n10000 w1 pair0 stericx: 5.7655 s
n10000 w1 pair0 morfeus: 128.8112 s
n10000 w1 pair1 morfeus: 127.0535 s
n10000 w1 pair1 stericx: 5.5043 s
n10000 w1 pair2 stericx: 5.3962 s
n10000 w1 pair2 morfeus: 129.7907 s
n10000 w1 pair3 morfeus: 128.2187 s
n10000 w1 pair3 stericx: 5.7102 s
n10000 w2 warmup stericx: 3.0542 s
n10000 w2 warmup morfeus: 74.9287 s
n10000 w2 pair0 stericx: 3.0759 s
n10000 w2 pair0 morfeus: 78.3486 s
n10000 w2 pair1 morfeus: 76.9982 s
n10000 w2 pair1 stericx: 3.2515 s
n10000 w2 pair2 stericx: 3.0650 s
n10000 w2 pair2 morfeus: 73.4339 s
n10000 w2 pair3 morfeus: 74.5208 s
n10000 w2 pair3 stericx: 3.1816 s
n10000 w4 warmup stericx: 1.8279 s
n10000 w4 warmup morfeus: 41.7092 s
n10000 w4 pair0 stericx: 1.8318 s
n10000 w4 pair0 morfeus: 41.8272 s
n10000 w4 pair1 morfeus: 42.8797 s
n10000 w4 pair1 stericx: 1.8719 s
n10000 w4 pair2 stericx: 1.8797 s
n10000 w4 pair2 morfeus: 42.6248 s
n10000 w4 pair3 morfeus: 41.9742 s
n10000 w4 pair3 stericx: 1.8900 s
n10000 w6 warmup stericx: 1.4251 s
n10000 w6 warmup morfeus: 29.8818 s
n10000 w6 pair0 stericx: 1.5165 s
n10000 w6 pair0 morfeus: 30.2887 s
n10000 w6 pair1 morfeus: 29.1311 s
n10000 w6 pair1 stericx: 1.4676 s
n10000 w6 pair2 stericx: 1.4191 s
n10000 w6 pair2 morfeus: 28.9655 s
n10000 w6 pair3 morfeus: 29.0963 s
n10000 w6 pair3 stericx: 1.4853 s
stericx w1: 17.57 MiB summed RSS
morfeus w1: 102.68 MiB summed RSS
stericx w2: 18.02 MiB summed RSS
morfeus w2: 267.23 MiB summed RSS
stericx w4: 18.88 MiB summed RSS
morfeus w4: 415.01 MiB summed RSS
stericx w6: 19.80 MiB summed RSS
morfeus w6: 561.50 MiB summed RSS
