   Compiling steric_x v0.3.0 (/run/media/andrej-rumenovski/New Volume/Code/StericX)
    Finished `test` profile [unoptimized + debuginfo] target(s) in 1.56s
     Running tests/cli_model.rs (target/debug/deps/cli_model-3c1cd53e240c16c5)

running 17 tests
test a_missing_file_is_reported_clearly ... ok
test validate_explains_a_syntax_error_instead_of_a_decoder_dump ... ok
test validate_accepts_a_well_formed_model ... ok
test inspect_reports_the_full_scientific_summary ... ok
test validate_names_a_missing_required_field ... ok
test validate_rejects_a_missing_descriptor ... ok
test inspect_emits_machine_readable_json ... ok
test validate_rejects_an_unsupported_schema_version ... ok
test validate_emits_machine_readable_json ... ok
test validate_rejects_invalid_numerical_values ... ok
test validate_rejects_malformed_hashes ... ok
test validate_reports_every_problem_at_once ... ok
test a_legacy_model_is_readable_but_reported_as_incomplete ... ok
test validate_rejects_dimension_mismatches ... ok
test validate_rejects_missing_provenance ... ok
test validate_rejects_zero_and_negative_scaling ... ok
test validate_rejects_inconsistent_metadata ... ok

test result: ok. 17 passed; 0 failed; 0 ignored; 0 measured; 0 filtered out; finished in 0.02s

     Running tests/cli_screen.rs (target/debug/deps/cli_screen-39b548c9a407a7c9)

running 74 tests
test a_model_declaring_an_unknown_feature_space_is_refused ... ok
test a_minimize_model_ranks_ascending ... ok
test a_maximize_model_ranks_descending ... ok
test a_model_without_an_ensemble_reports_no_interval_rather_than_inventing_one ... ok
test a_model_without_a_direction_is_not_ranked_on_a_guess ... ok
test a_legacy_model_reports_the_context_it_has_without_inventing_the_rest ... ok
test a_portable_model_screens_through_its_stored_feature_space ... ok
test a_file_without_an_identifier_column_is_refused_with_the_accepted_names ... ok
test a_narrow_bootstrap_interval_does_not_make_a_candidate_in_domain ... ok
test a_library_without_a_required_descriptor_is_refused_not_guessed ... ok
test a_real_gap_in_the_training_set_reports_sparse_interpolation ... ok
test a_screening_run_reports_the_model_context_before_any_candidate ... ok
test a_changed_library_changes_the_recorded_digest ... ok
test an_out_of_domain_candidate_is_never_dropped_or_altered_by_default ... ok
test applicability_does_not_depend_on_how_good_the_prediction_looks ... ok
test csv_and_json_keep_full_precision ... ok
test an_override_is_reported_and_only_applies_when_requested ... ok
test a_diverse_deck_records_why_each_candidate_was_selected ... ok
test a_stricter_domain_rule_shrinks_the_boundary_without_moving_the_measurement ... ok
test a_zero_diversity_weight_reproduces_the_ordinary_ranking ... ok
test an_out_of_range_diversity_weight_is_refused ... ok
test diverse_selection_explains_and_exposes_every_choice ... ok
test a_smiles_column_is_a_secondary_key_not_a_fuzzy_match ... ok
test diverse_selection_needs_training_geometry_and_says_so ... ok
test an_unresolved_identifier_is_reported_and_never_silently_dropped ... ok
test deck_export_preserves_machine_readable_stdout ... ok
test every_output_format_carries_the_reported_fields ... ok
test blank_rows_and_an_empty_list_are_handled_without_excluding_anything ... ok
test deck_numbers_keep_full_round_trip_precision ... ok
test diverse_selection_is_deterministic ... ok
test excluding_everything_says_so_rather_than_reporting_an_empty_screen ... ok
test every_bootstrap_interval_is_ordered_and_brackets_its_point_estimate ... ok
test diversity_never_hides_an_applicability_warning ... ok
test hits_carry_identifier_name_raw_prediction_and_descriptors ... ok
test duplicate_entries_are_counted_once_and_reported ... ok
test ligands_missing_a_required_value_are_excluded_and_summarized ... ok
test filtering_every_candidate_explains_itself_rather_than_reporting_nothing ... ok
test library_accepts_both_the_flag_and_positional_forms ... ok
test screened_candidates_carry_structured_applicability_information ... ok
test diverse_selection_increases_descriptor_space_coverage ... ok
test screening_agrees_with_the_ordinary_inference_path ... ok
test repeated_runs_are_byte_identical ... ok
test negative_predictions_rank_by_the_stated_direction ... ok
test study_001_blind_ligand_matches_its_frozen_prediction ... ok
test ordinary_ranking_is_untouched_when_diverse_is_not_requested ... ok
test in_domain_only_is_opt_in_and_reports_what_it_removed ... ok
test exclusion_removes_candidates_before_they_are_screened ... ok
test repeated_inference_reproduces_the_same_intervals ... ok
test no_exclusion_list_leaves_the_report_unchanged ... ok
test the_deck_carries_every_field_an_experimental_review_needs ... ok
test identical_inputs_produce_an_identical_deck ... ok
test a_higher_diversity_weight_spreads_the_selection_further ... ok
test the_deck_never_carries_a_blinded_experimental_value ... ok
test exclusion_is_deterministic_and_order_independent ... ok
test the_bootstrap_ensemble_survives_serialization ... ok
test the_study_001_portable_artifact_is_a_strict_superset_of_the_legacy_model ... ok
test the_deck_reflects_top_and_reports_where_it_was_written ... ok
test tested_ligands_are_excluded_by_stable_identifier ... ok
test the_highest_predicted_candidate_can_still_be_flagged_out_of_domain ... ok
test the_exclusion_list_is_recorded_for_provenance ... ok
test the_study_001_portable_artifact_validates_without_findings ... ok
test ties_break_deterministically_by_identifier ... ok
test the_sidecar_carries_the_configuration_and_provenance_to_reproduce_the_deck ... ok
test the_terminal_table_shows_the_domain_beside_the_prediction ... ok
test top_limits_output_after_ranking_and_counts_are_reported ... ok
test the_domain_rule_cannot_change_a_prediction ... ok
test the_model_context_reaches_the_csv_export ... ok
test the_report_carries_cryptographic_identity_for_every_scientific_input ... ok
test the_study_001_portable_artifact_ranks_without_a_direction_flag ... ok
test the_study_001_portable_artifact_reproduces_the_frozen_blind_prediction ... ok
test the_study_001_portable_artifact_reports_applicability_not_unknown ... ok
test the_domain_rule_is_reported_so_a_stricter_run_is_never_ambiguous ... ok
test two_runs_over_identical_inputs_produce_identical_provenance ... ok
test screening_the_shipped_kraken_library_agrees_with_the_predictor ... ok

test result: ok. 74 passed; 0 failed; 0 ignored; 0 measured; 0 filtered out; finished in 0.87s

     Running tests/model_scientific_remediation.rs (target/debug/deps/model_scientific_remediation-5f97f92c52df5e0f)

running 4 tests
test weighted_screen_uses_exactly_the_descriptors_written_by_parse ... ok
test original_nan_infinity_and_mismatch_evaluation_witnesses_are_rejected ... ok
test single_geometry_honors_explicit_row_axes_and_identifies_supplied_mixtures ... ok
test geometry_substitution_requires_the_declared_aggregation_and_explicit_weights ... ok

test result: ok. 4 passed; 0 failed; 0 ignored; 0 measured; 0 filtered out; finished in 0.04s

     Running tests/model_training_api.rs (target/debug/deps/model_training_api-e1116bac5b7ff5dc)

running 6 tests
test training_split_reproduces_the_previous_inline_partition ... ok
test forward_selection_still_rejects_strongly_correlated_descriptors ... ok
test frozen_predictions_round_trip_into_evaluation ... ok
test frozen_predictions_keep_the_study_001_csv_schema ... ok
test training_api_reproduces_the_pre_refactor_report ... ok
test training_api_matches_the_previous_cli_composition_bit_for_bit ... ok

test result: ok. 6 passed; 0 failed; 0 ignored; 0 measured; 0 filtered out; finished in 0.19s

     Running tests/portable_model_format.rs (target/debug/deps/portable_model_format-44f38c64a3d9acbe)

running 19 tests
test checked_in_study_001_model_still_loads_as_legacy ... ok
test json_floats_survive_a_round_trip_bit_for_bit ... ok
test feature_space_describes_every_interaction_term ... ok
test future_schema_versions_are_rejected ... ok
test a_document_without_an_ensemble_still_loads ... ok
test portable_document_is_a_superset_of_the_version_1_artifact ... ok
test portable_document_round_trips_without_drift ... ok
test serialization_is_deterministic_across_repeated_writes ... ok
test new_schema_requires_aggregation_and_old_models_keep_unknown_provenance ... ok
test malformed_coefficients_are_rejected ... ok
test inference_reproduces_predictions_without_the_training_process ... ok
test malformed_scaling_information_is_rejected ... ok
test missing_required_fit_fields_are_rejected ... ok
test unknown_chemistry_context_is_reported_not_filled_in ... ok
test the_fit_report_never_serializes_the_ensemble_into_a_legacy_artifact ... ok
test the_bootstrap_ensemble_round_trips_without_drift ... ok
test version_2_documents_must_carry_every_section ... ok
test structurally_inconsistent_documents_are_rejected ... ok
test rejects_malformed_or_inconsistent_training_geometry ... ok

test result: ok. 19 passed; 0 failed; 0 ignored; 0 measured; 0 filtered out; finished in 0.07s

