100 of 3180 0.4s
200 of 3180 0.4s
300 of 3180 0.5s
400 of 3180 0.6s
500 of 3180 0.7s
600 of 3180 0.8s
700 of 3180 0.9s
800 of 3180 1.0s
900 of 3180 1.1s
1000 of 3180 1.2s
1100 of 3180 1.3s
1200 of 3180 1.4s
1300 of 3180 1.6s
1400 of 3180 2.0s
1500 of 3180 2.5s
1600 of 3180 2.9s
1700 of 3180 3.4s
1800 of 3180 3.9s
1900 of 3180 4.3s
2000 of 3180 7.4s
2100 of 3180 10.5s
2200 of 3180 13.5s
2300 of 3180 16.9s
2400 of 3180 20.1s
2500 of 3180 23.1s
2600 of 3180 42.2s
2700 of 3180 72.8s
2800 of 3180 102.1s
2900 of 3180 132.8s
3000 of 3180 164.3s
3100 of 3180 195.5s
