                 metric    N  outside_interval          SST  rounding_only_SSE_lower_bound  conditional_R2_upper_bound  RMSE_lower_bound
        pyr_alpha_delta 1541                 3 23898.811058                       0.438178                    0.999982          0.016863
          pyr_alpha_max 1541                 2 44041.877595                       0.790591                    0.999982          0.022650
          pyr_alpha_min 1541                 3 37330.973998                       0.244607                    0.999993          0.012599
  pyr_alpha_vburminconf 1541                 0 41660.174931                       0.000000                    1.000000          0.000000
            pyr_p_delta 1541                 6     2.137984                       0.000056                    0.999974          0.000190
              pyr_p_max 1541                13     2.014305                       0.000027                    0.999987          0.000131
              pyr_p_min 1541                 7     3.867637                       0.000046                    0.999988          0.000173
      pyr_p_vburminconf 1541                 0     2.598491                       0.000000                    1.000000          0.000000
      sterimol_b1_delta 1541                41   695.659145                       0.543309                    0.999219          0.018777
        sterimol_b1_max 1541                40  1141.755122                       0.363153                    0.999682          0.015351
        sterimol_b1_min 1541                19   916.304726                       0.110927                    0.999879          0.008484
sterimol_b1_vburminconf 1541                 0   944.188455                       0.000000                    1.000000          0.000000
      sterimol_b5_delta 1541                56  2115.091461                       0.743933                    0.999648          0.021972
        sterimol_b5_max 1541                21  4611.633179                       0.087092                    0.999981          0.007518
        sterimol_b5_min 1541                53  2960.825249                       0.676461                    0.999772          0.020952
sterimol_b5_vburminconf 1541                 0  3619.176193                       0.000000                    1.000000          0.000000
       sterimol_l_delta 1541                67  4374.899552                       1.832119                    0.999581          0.034481
         sterimol_l_max 1541                41  4405.585088                       1.277957                    0.999710          0.028798
         sterimol_l_min 1541                61  1984.702964                       0.485120                    0.999756          0.017743
 sterimol_l_vburminconf 1541                 0  3433.994287                       0.000000                    1.000000          0.000000
