100 of 5301 13.6s errors 0
200 of 5301 25.1s errors 0
300 of 5301 36.1s errors 0
400 of 5301 48.3s errors 0
500 of 5301 59.5s errors 0
600 of 5301 70.6s errors 0
700 of 5301 83.6s errors 0
800 of 5301 94.6s errors 0
900 of 5301 105.1s errors 0
1000 of 5301 115.8s errors 0
1100 of 5301 128.4s errors 0
1200 of 5301 140.2s errors 0
1300 of 5301 152.4s errors 0
1400 of 5301 162.8s errors 0
1500 of 5301 173.0s errors 0
1600 of 5301 183.8s errors 0
1700 of 5301 194.3s errors 0
1800 of 5301 205.6s errors 0
1900 of 5301 216.5s errors 0
2000 of 5301 224.4s errors 0
2100 of 5301 233.8s errors 0
2200 of 5301 241.3s errors 0
2300 of 5301 252.1s errors 0
2400 of 5301 262.7s errors 0
2500 of 5301 273.1s errors 0
2600 of 5301 282.5s errors 0
2700 of 5301 293.0s errors 0
2800 of 5301 302.8s errors 0
2900 of 5301 312.0s errors 0
3000 of 5301 321.8s errors 0
3100 of 5301 333.3s errors 0
3200 of 5301 343.5s errors 0
3300 of 5301 352.4s errors 0
3400 of 5301 362.6s errors 0
3500 of 5301 372.2s errors 0
3600 of 5301 382.2s errors 0
3700 of 5301 394.7s errors 0
3800 of 5301 404.4s errors 0
3900 of 5301 415.1s errors 0
4000 of 5301 425.9s errors 0
4100 of 5301 436.0s errors 0
4200 of 5301 446.2s errors 0
4300 of 5301 457.2s errors 0
4400 of 5301 467.2s errors 0
4500 of 5301 477.3s errors 0
4600 of 5301 487.2s errors 0
4700 of 5301 498.2s errors 0
4800 of 5301 508.3s errors 0
4900 of 5301 517.4s errors 0
5000 of 5301 526.2s errors 0
5100 of 5301 535.2s errors 0
5200 of 5301 543.8s errors 0
5300 of 5301 552.6s errors 0
