{
  "SI_path": "/run/media/andrej-rumenovski/New Volume/Code/StericX/docs/scientific_accuracy_audit/kraken/primary_si/DFT_data.csv",
  "SI_sha256": "dc15c47cd6ac1bc5972b5a4a72beaa9926535b942091c6783fb075b7c2abf59f",
  "all_neighbor_sets_equal": true,
  "conformers": 31611,
  "graph_mismatches": 627,
  "ligands": 1541,
  "maximum_frame_axis_angle_deg": 13.973684800524914,
  "maximum_native_coordinate_RMSD_A": 2.1304260312239168e-07,
  "original_SI_is_not_available_for_ids": [
    724,
    1057,
    1058,
    2059,
    2062,
    2063,
    2064,
    2067
  ],
  "provenance_counts": {
    "F": 1541
  },
  "raw_records_sha256": "06bd8593f3b1c79b897290b1c9298863c7d62e1de3cf08663ddf228ef51f2bde",
  "sanitization_failures": 0
}

