500 of 31611 4.2s changed 0 errors 0
1000 of 31611 8.4s changed 0 errors 0
1500 of 31611 12.8s changed 0 errors 0
2000 of 31611 17.1s changed 0 errors 0
2500 of 31611 22.0s changed 0 errors 0
3000 of 31611 26.2s changed 0 errors 0
3500 of 31611 29.2s changed 0 errors 0
4000 of 31611 33.1s changed 0 errors 0
4500 of 31611 37.1s changed 0 errors 0
5000 of 31611 41.8s changed 0 errors 0
5500 of 31611 46.1s changed 0 errors 0
6000 of 31611 50.1s changed 0 errors 0
6500 of 31611 53.3s changed 0 errors 0
7000 of 31611 56.8s changed 0 errors 0
7500 of 31611 61.8s changed 0 errors 0
8000 of 31611 66.6s changed 0 errors 0
8500 of 31611 71.5s changed 0 errors 0
9000 of 31611 76.3s changed 0 errors 0
9500 of 31611 80.5s changed 0 errors 0
10000 of 31611 85.2s changed 0 errors 0
10500 of 31611 89.2s changed 0 errors 0
11000 of 31611 94.1s changed 0 errors 0
11500 of 31611 98.8s changed 0 errors 0
12000 of 31611 103.2s changed 0 errors 0
12500 of 31611 108.1s changed 0 errors 0
13000 of 31611 113.0s changed 0 errors 0
13500 of 31611 117.7s changed 0 errors 0
14000 of 31611 122.8s changed 0 errors 0
14500 of 31611 126.7s changed 0 errors 0
15000 of 31611 131.1s changed 0 errors 0
15500 of 31611 135.0s changed 0 errors 0
16000 of 31611 139.0s changed 27 errors 0
16500 of 31611 143.7s changed 27 errors 0
17000 of 31611 148.4s changed 27 errors 0
17500 of 31611 152.8s changed 27 errors 0
18000 of 31611 156.5s changed 27 errors 0
18500 of 31611 160.8s changed 27 errors 0
19000 of 31611 164.9s changed 27 errors 0
19500 of 31611 168.4s changed 27 errors 0
20000 of 31611 171.3s changed 27 errors 0
20500 of 31611 174.7s changed 27 errors 0
21000 of 31611 178.9s changed 27 errors 0
21500 of 31611 182.4s changed 27 errors 0
22000 of 31611 187.0s changed 27 errors 0
22500 of 31611 190.6s changed 27 errors 0
23000 of 31611 194.6s changed 27 errors 0
23500 of 31611 199.3s changed 27 errors 0
24000 of 31611 203.6s changed 27 errors 0
24500 of 31611 208.5s changed 27 errors 0
25000 of 31611 213.3s changed 27 errors 0
25500 of 31611 217.3s changed 27 errors 0
26000 of 31611 221.8s changed 27 errors 0
26500 of 31611 226.7s changed 27 errors 0
27000 of 31611 231.7s changed 27 errors 0
27500 of 31611 236.2s changed 27 errors 0
28000 of 31611 240.6s changed 27 errors 0
28500 of 31611 245.4s changed 27 errors 0
29000 of 31611 250.2s changed 27 errors 0
29500 of 31611 255.2s changed 27 errors 0
30000 of 31611 260.1s changed 27 errors 0
30500 of 31611 264.6s changed 27 errors 0
31000 of 31611 269.3s changed 27 errors 0
31500 of 31611 273.9s changed 27 errors 0
