[
  {
    "file": "/run/media/andrej-rumenovski/New Volume/Code/StericX/docs/benchmarks/morfeus_current/inputs/SIG-NIHDA-1057_be992081/conf_000.xyz",
    "buried_volume": 85.16979068540967,
    "percent_buried_volume": 47.42341640706127,
    "qvbur_min": 12.401896440300519,
    "qvbur_max": 37.089130143831056,
    "max_delta_qvbur": 21.80822202988935,
    "ovbur_min": 0.0,
    "ovbur_max": 20.84078086020425,
    "near_vbur": 65.4363220073751,
    "far_vbur": 19.733468678034566
  },
  {
    "file": "/run/media/andrej-rumenovski/New Volume/Code/StericX/docs/benchmarks/morfeus_current/inputs/SIG-NIHDA-1058_219b0b66/conf_000.xyz",
    "buried_volume": 92.40034496968262,
    "percent_buried_volume": 51.44946348217377,
    "qvbur_min": 14.604864886932846,
    "qvbur_max": 37.32224849797204,
    "max_delta_qvbur": 18.206543458411094,
    "ovbur_min": 0.0,
    "ovbur_max": 21.05058737893114,
    "near_vbur": 71.10109801300108,
    "far_vbur": 21.299246956681525
  },
  {
    "file": "/run/media/andrej-rumenovski/New Volume/Code/StericX/docs/benchmarks/morfeus_current/inputs/SIG-NIHDA-1058_219b0b66/conf_001.xyz",
    "buried_volume": 91.49506869443512,
    "percent_buried_volume": 50.945396330910356,
    "qvbur_min": 14.861295076487933,
    "qvbur_max": 35.95850612624727,
    "max_delta_qvbur": 16.283317036747956,
    "ovbur_min": 0.0,
    "ovbur_max": 20.549382917528018,
    "near_vbur": 72.48815222013995,
    "far_vbur": 19.006916474295153
  },
  {
    "file": "/run/media/andrej-rumenovski/New Volume/Code/StericX/docs/benchmarks/morfeus_current/inputs/SIG-NIHDA-2062_d86f6436/conf_000.xyz",
    "buried_volume": 65.22263018274585,
    "percent_buried_volume": 36.31663205261335,
    "qvbur_min": 9.80262679162851,
    "qvbur_max": 23.894631299451184,
    "max_delta_qvbur": 8.963400716720956,
    "ovbur_min": 0.0,
    "ovbur_max": 19.756780513448664,
    "near_vbur": 61.15471490298563,
    "far_vbur": 4.067915279760226
  },
  {
    "file": "/run/media/andrej-rumenovski/New Volume/Code/StericX/docs/benchmarks/morfeus_current/inputs/SIG-NIHDA-2062_d86f6436/conf_001.xyz",
    "buried_volume": 53.508432887161256,
    "percent_buried_volume": 29.79404638283143,
    "qvbur_min": 9.744347203093264,
    "qvbur_max": 18.766027508349467,
    "max_delta_qvbur": 9.021680305256202,
    "ovbur_min": 0.0,
    "ovbur_max": 18.591188742743725,
    "near_vbur": 53.33747942745786,
    "far_vbur": 0.1709534597033906
  },
  {
    "file": "/run/media/andrej-rumenovski/New Volume/Code/StericX/docs/benchmarks/morfeus_current/inputs/SIG-NIHDA-2062_d86f6436/conf_002.xyz",
    "buried_volume": 67.33235128772179,
    "percent_buried_volume": 37.49134648667359,
    "qvbur_min": 10.746756125899507,
    "qvbur_max": 27.298159269909597,
    "max_delta_qvbur": 15.665553398274337,
    "ovbur_min": 0.0,
    "ovbur_max": 21.563447758041313,
    "near_vbur": 61.39560386893132,
    "far_vbur": 5.936747418790472
  },
  {
    "file": "/run/media/andrej-rumenovski/New Volume/Code/StericX/docs/benchmarks/morfeus_current/inputs/SIG-NIHDA-2062_d86f6436/conf_003.xyz",
    "buried_volume": 70.20359234955829,
    "percent_buried_volume": 39.09008307372794,
    "qvbur_min": 10.292175335324583,
    "qvbur_max": 28.51037471144273,
    "max_delta_qvbur": 16.120134188849264,
    "ovbur_min": 0.0,
    "ovbur_max": 21.866501618424596,
    "near_vbur": 61.22076510332558,
    "far_vbur": 8.982827246232706
  },
  {
    "file": "/run/media/andrej-rumenovski/New Volume/Code/StericX/docs/benchmarks/morfeus_current/inputs/SIG-NIHDA-2063_9978c6ba/conf_000.xyz",
    "buried_volume": 47.602767915589574,
    "percent_buried_volume": 26.505711318795427,
    "qvbur_min": 9.359701918760635,
    "qvbur_max": 15.409123208719253,
    "max_delta_qvbur": 6.049421289958618,
    "ovbur_min": 0.0,
    "ovbur_max": 15.409123208719253,
    "near_vbur": 47.602767915589574,
    "far_vbur": 0.0
  },
  {
    "file": "/run/media/andrej-rumenovski/New Volume/Code/StericX/docs/benchmarks/morfeus_current/inputs/SIG-NIHDA-2063_9978c6ba/conf_001.xyz",
    "buried_volume": 46.84901857053372,
    "percent_buried_volume": 26.086015922464522,
    "qvbur_min": 9.709379449972115,
    "qvbur_max": 13.847230235974637,
    "max_delta_qvbur": 4.102883032881373,
    "ovbur_min": 0.0,
    "ovbur_max": 13.847230235974637,
    "near_vbur": 46.84901857053372,
    "far_vbur": 0.0
  },
  {
    "file": "/run/media/andrej-rumenovski/New Volume/Code/StericX/docs/benchmarks/morfeus_current/inputs/SIG-NIHDA-2063_9978c6ba/conf_002.xyz",
    "buried_volume": 46.84901857053372,
    "percent_buried_volume": 26.086015922464522,
    "qvbur_min": 9.709379449972115,
    "qvbur_max": 13.847230235974637,
    "max_delta_qvbur": 4.102883032881373,
    "ovbur_min": 0.0,
    "ovbur_max": 13.847230235974637,
    "near_vbur": 46.84901857053372,
    "far_vbur": 0.0
  },
  {
    "file": "/run/media/andrej-rumenovski/New Volume/Code/StericX/docs/benchmarks/morfeus_current/inputs/SIG-NIHDA-2063_9978c6ba/conf_003.xyz",
    "buried_volume": 46.84124795872902,
    "percent_buried_volume": 26.081689165801315,
    "qvbur_min": 9.709379449972115,
    "qvbur_max": 13.847230235974637,
    "max_delta_qvbur": 4.102883032881373,
    "ovbur_min": 0.0,
    "ovbur_max": 13.847230235974637,
    "near_vbur": 46.84124795872902,
    "far_vbur": 0.0
  },
  {
    "file": "/run/media/andrej-rumenovski/New Volume/Code/StericX/docs/benchmarks/morfeus_current/inputs/SIG-NIHDA-2063_9978c6ba/conf_004.xyz",
    "buried_volume": 47.36964956144859,
    "percent_buried_volume": 26.37590861889927,
    "qvbur_min": 9.756003120800314,
    "qvbur_max": 14.20856368489317,
    "max_delta_qvbur": 4.452560564092856,
    "ovbur_min": 0.0,
    "ovbur_max": 14.20856368489317,
    "near_vbur": 47.3696495614486,
    "far_vbur": 0.0
  },
  {
    "file": "/run/media/andrej-rumenovski/New Volume/Code/StericX/docs/benchmarks/morfeus_current/inputs/SIG-NIHDA-2064_f0ba08d0/conf_000.xyz",
    "buried_volume": 48.90823069877911,
    "percent_buried_volume": 27.232606438213914,
    "qvbur_min": 9.27811049481129,
    "qvbur_max": 16.003575011778768,
    "max_delta_qvbur": 6.725464516967477,
    "ovbur_min": 0.0,
    "ovbur_max": 16.003575011778768,
    "near_vbur": 48.90823069877911,
    "far_vbur": 0.0
  },
  {
    "file": "/run/media/andrej-rumenovski/New Volume/Code/StericX/docs/benchmarks/morfeus_current/inputs/SIG-NIHDA-2064_f0ba08d0/conf_001.xyz",
    "buried_volume": 54.5652360926004,
    "percent_buried_volume": 30.382485289027347,
    "qvbur_min": 9.767659038507361,
    "qvbur_max": 20.70090984771966,
    "max_delta_qvbur": 10.9332508092123,
    "ovbur_min": 0.0,
    "ovbur_max": 19.0574254510257,
    "near_vbur": 52.910095778199384,
    "far_vbur": 1.6551403144010088
  },
  {
    "file": "/run/media/andrej-rumenovski/New Volume/Code/StericX/docs/benchmarks/morfeus_current/inputs/SIG-NIHDA-2064_f0ba08d0/conf_002.xyz",
    "buried_volume": 54.5652360926004,
    "percent_buried_volume": 30.382485289027347,
    "qvbur_min": 9.767659038507361,
    "qvbur_max": 20.70090984771966,
    "max_delta_qvbur": 10.9332508092123,
    "ovbur_min": 0.0,
    "ovbur_max": 19.0574254510257,
    "near_vbur": 52.910095778199384,
    "far_vbur": 1.6551403144010088
  },
  {
    "file": "/run/media/andrej-rumenovski/New Volume/Code/StericX/docs/benchmarks/morfeus_current/inputs/SIG-NIHDA-2064_f0ba08d0/conf_003.xyz",
    "buried_volume": 54.56135078669805,
    "percent_buried_volume": 30.380321910695745,
    "qvbur_min": 9.767659038507361,
    "qvbur_max": 20.70090984771966,
    "max_delta_qvbur": 10.9332508092123,
    "ovbur_min": 0.0,
    "ovbur_max": 19.0574254510257,
    "near_vbur": 52.910095778199384,
    "far_vbur": 1.6512550084986592
  },
  {
    "file": "/run/media/andrej-rumenovski/New Volume/Code/StericX/docs/benchmarks/morfeus_current/inputs/SIG-NIHDA-2064_f0ba08d0/conf_004.xyz",
    "buried_volume": 50.454582447914326,
    "percent_buried_volume": 28.093631014191764,
    "qvbur_min": 9.767659038507361,
    "qvbur_max": 16.16675785967746,
    "max_delta_qvbur": 6.399098821170099,
    "ovbur_min": 0.0,
    "ovbur_max": 16.16675785967746,
    "near_vbur": 50.454582447914326,
    "far_vbur": 0.0
  },
  {
    "file": "/run/media/andrej-rumenovski/New Volume/Code/StericX/docs/benchmarks/morfeus_current/inputs/SIG-NIHDA-2064_f0ba08d0/conf_005.xyz",
    "buried_volume": 50.454582447914326,
    "percent_buried_volume": 28.093631014191764,
    "qvbur_min": 9.767659038507361,
    "qvbur_max": 16.16675785967746,
    "max_delta_qvbur": 6.399098821170099,
    "ovbur_min": 0.0,
    "ovbur_max": 16.16675785967746,
    "near_vbur": 50.454582447914326,
    "far_vbur": 0.0
  },
  {
    "file": "/run/media/andrej-rumenovski/New Volume/Code/StericX/docs/benchmarks/morfeus_current/inputs/SIG-NIHDA-2064_f0ba08d0/conf_006.xyz",
    "buried_volume": 50.54005917776602,
    "percent_buried_volume": 28.14122533748702,
    "qvbur_min": 9.63944394372982,
    "qvbur_max": 16.86611292210042,
    "max_delta_qvbur": 7.226668978370601,
    "ovbur_min": 0.0,
    "ovbur_max": 16.86611292210042,
    "near_vbur": 50.54005917776601,
    "far_vbur": 0.0
  },
  {
    "file": "/run/media/andrej-rumenovski/New Volume/Code/StericX/docs/benchmarks/morfeus_current/inputs/SIG-NIHDA-2064_f0ba08d0/conf_007.xyz",
    "buried_volume": 50.54005917776602,
    "percent_buried_volume": 28.14122533748702,
    "qvbur_min": 9.63944394372982,
    "qvbur_max": 16.86611292210042,
    "max_delta_qvbur": 7.226668978370601,
    "ovbur_min": 0.0,
    "ovbur_max": 16.86611292210042,
    "near_vbur": 50.54005917776601,
    "far_vbur": 0.0
  },
  {
    "file": "/run/media/andrej-rumenovski/New Volume/Code/StericX/docs/benchmarks/morfeus_current/inputs/SIG-NIHDA-2064_f0ba08d0/conf_008.xyz",
    "buried_volume": 50.54005917776602,
    "percent_buried_volume": 28.14122533748702,
    "qvbur_min": 9.63944394372982,
    "qvbur_max": 16.86611292210042,
    "max_delta_qvbur": 7.226668978370601,
    "ovbur_min": 0.0,
    "ovbur_max": 16.86611292210042,
    "near_vbur": 50.54005917776601,
    "far_vbur": 0.0
  },
  {
    "file": "/run/media/andrej-rumenovski/New Volume/Code/StericX/docs/benchmarks/morfeus_current/inputs/SIG-NIHDA-2064_f0ba08d0/conf_009.xyz",
    "buried_volume": 50.54005917776602,
    "percent_buried_volume": 28.14122533748702,
    "qvbur_min": 9.63944394372982,
    "qvbur_max": 16.86611292210042,
    "max_delta_qvbur": 7.226668978370601,
    "ovbur_min": 0.0,
    "ovbur_max": 16.86611292210042,
    "near_vbur": 50.54005917776601,
    "far_vbur": 0.0
  },
  {
    "file": "/run/media/andrej-rumenovski/New Volume/Code/StericX/docs/benchmarks/morfeus_current/inputs/SIG-NIHDA-2064_f0ba08d0/conf_010.xyz",
    "buried_volume": 49.230711088674134,
    "percent_buried_volume": 27.41216683973693,
    "qvbur_min": 9.499572931245227,
    "qvbur_max": 15.304219949355806,
    "max_delta_qvbur": 5.24516296817221,
    "ovbur_min": 0.0,
    "ovbur_max": 15.304219949355806,
    "near_vbur": 49.230711088674134,
    "far_vbur": 0.0
  },
  {
    "file": "/run/media/andrej-rumenovski/New Volume/Code/StericX/docs/benchmarks/morfeus_current/inputs/SIG-NIHDA-2064_f0ba08d0/conf_011.xyz",
    "buried_volume": 49.23459639457649,
    "percent_buried_volume": 27.41433021806854,
    "qvbur_min": 9.499572931245227,
    "qvbur_max": 15.315875867062855,
    "max_delta_qvbur": 5.256818885879259,
    "ovbur_min": 0.0,
    "ovbur_max": 15.315875867062855,
    "near_vbur": 49.23459639457649,
    "far_vbur": 0.0
  },
  {
    "file": "/run/media/andrej-rumenovski/New Volume/Code/StericX/docs/benchmarks/morfeus_current/inputs/SIG-NIHDA-2067_1f828bfa/conf_000.xyz",
    "buried_volume": 76.62211770024014,
    "percent_buried_volume": 42.66398407753549,
    "qvbur_min": 10.128992487425892,
    "qvbur_max": 36.366463245994,
    "max_delta_qvbur": 23.13699664849298,
    "ovbur_min": 0.0,
    "ovbur_max": 21.47020041638492,
    "near_vbur": 60.101797003448844,
    "far_vbur": 16.520320696791288
  },
  {
    "file": "/run/media/andrej-rumenovski/New Volume/Code/StericX/docs/benchmarks/morfeus_current/inputs/SIG-NIHDA-2067_1f828bfa/conf_001.xyz",
    "buried_volume": 76.62211770024014,
    "percent_buried_volume": 42.66398407753549,
    "qvbur_min": 10.128992487425892,
    "qvbur_max": 36.366463245994,
    "max_delta_qvbur": 23.13699664849298,
    "ovbur_min": 0.0,
    "ovbur_max": 21.47020041638492,
    "near_vbur": 60.101797003448844,
    "far_vbur": 16.520320696791288
  },
  {
    "file": "/run/media/andrej-rumenovski/New Volume/Code/StericX/docs/benchmarks/morfeus_current/inputs/SIG-NIHDA-2067_1f828bfa/conf_002.xyz",
    "buried_volume": 75.1379308455425,
    "percent_buried_volume": 41.83757355486326,
    "qvbur_min": 9.686067614558016,
    "qvbur_max": 33.90706460980658,
    "max_delta_qvbur": 24.220996995248566,
    "ovbur_min": 0.0,
    "ovbur_max": 21.714974688232957,
    "near_vbur": 60.292176992663975,
    "far_vbur": 14.845753852878532
  },
  {
    "file": "/run/media/andrej-rumenovski/New Volume/Code/StericX/docs/benchmarks/morfeus_current/inputs/SIG-NIHDA-2067_1f828bfa/conf_003.xyz",
    "buried_volume": 75.13016023373781,
    "percent_buried_volume": 41.83324679820007,
    "qvbur_min": 9.686067614558016,
    "qvbur_max": 33.90706460980658,
    "max_delta_qvbur": 24.220996995248566,
    "ovbur_min": 0.0,
    "ovbur_max": 21.714974688232957,
    "near_vbur": 60.288291686761625,
    "far_vbur": 14.841868546976182
  },
  {
    "file": "/run/media/andrej-rumenovski/New Volume/Code/StericX/docs/benchmarks/morfeus_current/inputs/SIG-NIHDA-2067_1f828bfa/conf_004.xyz",
    "buried_volume": 71.16714821334102,
    "percent_buried_volume": 39.62660089996538,
    "qvbur_min": 9.790970873921461,
    "qvbur_max": 33.76719359732199,
    "max_delta_qvbur": 22.612480351675757,
    "ovbur_min": 0.0,
    "ovbur_max": 21.645039181990658,
    "near_vbur": 58.62538076055591,
    "far_vbur": 12.541767452785109
  },
  {
    "file": "/run/media/andrej-rumenovski/New Volume/Code/StericX/docs/benchmarks/morfeus_current/inputs/SIG-NIHDA-2067_1f828bfa/conf_005.xyz",
    "buried_volume": 61.6598046702911,
    "percent_buried_volume": 34.33281412253375,
    "qvbur_min": 9.837594544749658,
    "qvbur_max": 24.838760633722185,
    "max_delta_qvbur": 13.695703305782997,
    "ovbur_min": 0.0,
    "ovbur_max": 20.887404531032452,
    "near_vbur": 57.75507223842957,
    "far_vbur": 3.9047324318615346
  },
  {
    "file": "/run/media/andrej-rumenovski/New Volume/Code/StericX/docs/benchmarks/morfeus_current/inputs/SIG-NIHDA-2067_1f828bfa/conf_006.xyz",
    "buried_volume": 63.15953274859812,
    "percent_buried_volume": 35.16787815853236,
    "qvbur_min": 9.954153721820152,
    "qvbur_max": 25.677986708629735,
    "max_delta_qvbur": 15.362499537891052,
    "ovbur_min": 0.0,
    "ovbur_max": 21.63338326428361,
    "near_vbur": 58.88958156191571,
    "far_vbur": 4.269951186682415
  },
  {
    "file": "/run/media/andrej-rumenovski/New Volume/Code/StericX/docs/benchmarks/morfeus_current/inputs/SIG-NIHDA-2067_1f828bfa/conf_007.xyz",
    "buried_volume": 61.05369694952454,
    "percent_buried_volume": 33.99532710280374,
    "qvbur_min": 9.80262679162851,
    "qvbur_max": 23.07871705995773,
    "max_delta_qvbur": 13.276090268329218,
    "ovbur_min": 0.0,
    "ovbur_max": 19.931619279054402,
    "near_vbur": 57.92991100403531,
    "far_vbur": 3.123785945489228
  },
  {
    "file": "/run/media/andrej-rumenovski/New Volume/Code/StericX/docs/benchmarks/morfeus_current/inputs/SIG-NIHDA-2067_1f828bfa/conf_008.xyz",
    "buried_volume": 76.24912833361456,
    "percent_buried_volume": 42.45629975770163,
    "qvbur_min": 9.779314956214412,
    "qvbur_max": 29.477815881127828,
    "max_delta_qvbur": 17.693683079300925,
    "ovbur_min": 0.0,
    "ovbur_max": 22.052996301737384,
    "near_vbur": 66.15510359930981,
    "far_vbur": 10.094024734304744
  },
  {
    "file": "/run/media/andrej-rumenovski/New Volume/Code/StericX/docs/benchmarks/morfeus_current/inputs/SIG-NIHDA-2067_1f828bfa/conf_009.xyz",
    "buried_volume": 55.897896017106376,
    "percent_buried_volume": 31.12452405676705,
    "qvbur_min": 9.97746555723425,
    "qvbur_max": 17.61209165535158,
    "max_delta_qvbur": 7.622970180410281,
    "ovbur_min": 0.0,
    "ovbur_max": 17.553812066816334,
    "near_vbur": 55.84350173447348,
    "far_vbur": 0.05439428263289701
  },
  {
    "file": "/run/media/andrej-rumenovski/New Volume/Code/StericX/docs/benchmarks/morfeus_current/inputs/SIG-NIHDA-2067_1f828bfa/conf_010.xyz",
    "buried_volume": 76.64154422975189,
    "percent_buried_volume": 42.6748009691935,
    "qvbur_min": 9.779314956214412,
    "qvbur_max": 36.23824815121645,
    "max_delta_qvbur": 26.45893319500204,
    "ovbur_min": 0.0,
    "ovbur_max": 20.980651872688846,
    "near_vbur": 59.61613376565512,
    "far_vbur": 17.025410464096762
  },
  {
    "file": "/run/media/andrej-rumenovski/New Volume/Code/StericX/docs/benchmarks/morfeus_current/inputs/SIG-NIHDA-401_9d42bff1/conf_000.xyz",
    "buried_volume": 43.5620497771458,
    "percent_buried_volume": 24.255797853928694,
    "qvbur_min": 9.732691285386213,
    "qvbur_max": 13.532520457884305,
    "max_delta_qvbur": 3.7998291724980913,
    "ovbur_min": 0.0,
    "ovbur_max": 13.532520457884305,
    "near_vbur": 43.5620497771458,
    "far_vbur": 0.0
  },
  {
    "file": "/run/media/andrej-rumenovski/New Volume/Code/StericX/docs/benchmarks/morfeus_current/inputs/SIG-NIHDA-401_9d42bff1/conf_001.xyz",
    "buried_volume": 43.55816447124345,
    "percent_buried_volume": 24.253634475597092,
    "qvbur_min": 9.732691285386213,
    "qvbur_max": 13.532520457884305,
    "max_delta_qvbur": 3.7998291724980913,
    "ovbur_min": 0.0,
    "ovbur_max": 13.532520457884305,
    "near_vbur": 43.55816447124346,
    "far_vbur": 0.0
  },
  {
    "file": "/run/media/andrej-rumenovski/New Volume/Code/StericX/docs/benchmarks/morfeus_current/inputs/SIG-NIHDA-401_9d42bff1/conf_002.xyz",
    "buried_volume": 43.55816447124345,
    "percent_buried_volume": 24.253634475597092,
    "qvbur_min": 9.732691285386213,
    "qvbur_max": 13.532520457884305,
    "max_delta_qvbur": 3.7998291724980913,
    "ovbur_min": 0.0,
    "ovbur_max": 13.532520457884305,
    "near_vbur": 43.55816447124346,
    "far_vbur": 0.0
  },
  {
    "file": "/run/media/andrej-rumenovski/New Volume/Code/StericX/docs/benchmarks/morfeus_current/inputs/SIG-NIHDA-401_9d42bff1/conf_003.xyz",
    "buried_volume": 45.625147211293545,
    "percent_buried_volume": 25.404551748009695,
    "qvbur_min": 9.511228848952276,
    "qvbur_max": 15.852048081587128,
    "max_delta_qvbur": 6.340819232634852,
    "ovbur_min": 0.0,
    "ovbur_max": 15.852048081587128,
    "near_vbur": 45.62514721129353,
    "far_vbur": 0.0
  },
  {
    "file": "/run/media/andrej-rumenovski/New Volume/Code/StericX/docs/benchmarks/morfeus_current/inputs/SIG-NIHDA-401_9d42bff1/conf_004.xyz",
    "buried_volume": 45.625147211293545,
    "percent_buried_volume": 25.404551748009695,
    "qvbur_min": 9.511228848952276,
    "qvbur_max": 15.852048081587128,
    "max_delta_qvbur": 6.340819232634852,
    "ovbur_min": 0.0,
    "ovbur_max": 15.852048081587128,
    "near_vbur": 45.62514721129353,
    "far_vbur": 0.0
  },
  {
    "file": "/run/media/andrej-rumenovski/New Volume/Code/StericX/docs/benchmarks/morfeus_current/inputs/SIG-NIHDA-401_9d42bff1/conf_005.xyz",
    "buried_volume": 45.625147211293545,
    "percent_buried_volume": 25.404551748009695,
    "qvbur_min": 9.511228848952276,
    "qvbur_max": 15.852048081587128,
    "max_delta_qvbur": 6.340819232634852,
    "ovbur_min": 0.0,
    "ovbur_max": 15.852048081587128,
    "near_vbur": 45.62514721129353,
    "far_vbur": 0.0
  },
  {
    "file": "/run/media/andrej-rumenovski/New Volume/Code/StericX/docs/benchmarks/morfeus_current/inputs/SIG-NIHDA-498_7d70a0ce/conf_000.xyz",
    "buried_volume": 53.077163932000424,
    "percent_buried_volume": 29.553911388023533,
    "qvbur_min": 9.779314956214412,
    "qvbur_max": 18.53290915420848,
    "max_delta_qvbur": 8.648690938630622,
    "ovbur_min": 0.0,
    "ovbur_max": 17.83355409178552,
    "near_vbur": 52.39335009318686,
    "far_vbur": 0.6838138388135624
  },
  {
    "file": "/run/media/andrej-rumenovski/New Volume/Code/StericX/docs/benchmarks/morfeus_current/inputs/SIG-NIHDA-498_7d70a0ce/conf_001.xyz",
    "buried_volume": 53.077163932000424,
    "percent_buried_volume": 29.553911388023533,
    "qvbur_min": 9.779314956214412,
    "qvbur_max": 18.53290915420848,
    "max_delta_qvbur": 8.648690938630622,
    "ovbur_min": 0.0,
    "ovbur_max": 17.83355409178552,
    "near_vbur": 52.39335009318686,
    "far_vbur": 0.6838138388135624
  },
  {
    "file": "/run/media/andrej-rumenovski/New Volume/Code/StericX/docs/benchmarks/morfeus_current/inputs/SIG-NIHDA-498_7d70a0ce/conf_002.xyz",
    "buried_volume": 53.077163932000424,
    "percent_buried_volume": 29.553911388023533,
    "qvbur_min": 9.779314956214412,
    "qvbur_max": 18.53290915420848,
    "max_delta_qvbur": 8.648690938630622,
    "ovbur_min": 0.0,
    "ovbur_max": 17.83355409178552,
    "near_vbur": 52.39335009318686,
    "far_vbur": 0.6838138388135624
  },
  {
    "file": "/run/media/andrej-rumenovski/New Volume/Code/StericX/docs/benchmarks/morfeus_current/inputs/SIG-NIHDA-498_7d70a0ce/conf_003.xyz",
    "buried_volume": 53.077163932000424,
    "percent_buried_volume": 29.553911388023533,
    "qvbur_min": 9.779314956214412,
    "qvbur_max": 18.53290915420848,
    "max_delta_qvbur": 8.648690938630622,
    "ovbur_min": 0.0,
    "ovbur_max": 17.83355409178552,
    "near_vbur": 52.39335009318686,
    "far_vbur": 0.6838138388135624
  },
  {
    "file": "/run/media/andrej-rumenovski/New Volume/Code/StericX/docs/benchmarks/morfeus_current/inputs/SIG-NIHDA-498_7d70a0ce/conf_004.xyz",
    "buried_volume": 53.077163932000424,
    "percent_buried_volume": 29.553911388023533,
    "qvbur_min": 9.779314956214412,
    "qvbur_max": 18.53290915420848,
    "max_delta_qvbur": 8.648690938630622,
    "ovbur_min": 0.0,
    "ovbur_max": 17.83355409178552,
    "near_vbur": 52.39335009318686,
    "far_vbur": 0.6838138388135624
  },
  {
    "file": "/run/media/andrej-rumenovski/New Volume/Code/StericX/docs/benchmarks/morfeus_current/inputs/SIG-NIHDA-498_7d70a0ce/conf_005.xyz",
    "buried_volume": 53.077163932000424,
    "percent_buried_volume": 29.553911388023533,
    "qvbur_min": 9.779314956214412,
    "qvbur_max": 18.53290915420848,
    "max_delta_qvbur": 8.648690938630622,
    "ovbur_min": 0.0,
    "ovbur_max": 17.83355409178552,
    "near_vbur": 52.39335009318686,
    "far_vbur": 0.6838138388135624
  },
  {
    "file": "/run/media/andrej-rumenovski/New Volume/Code/StericX/docs/benchmarks/morfeus_current/inputs/SIG-NIHDA-498_7d70a0ce/conf_006.xyz",
    "buried_volume": 53.077163932000424,
    "percent_buried_volume": 29.553911388023533,
    "qvbur_min": 9.779314956214412,
    "qvbur_max": 18.53290915420848,
    "max_delta_qvbur": 8.648690938630622,
    "ovbur_min": 0.0,
    "ovbur_max": 17.83355409178552,
    "near_vbur": 52.39335009318686,
    "far_vbur": 0.6838138388135624
  },
  {
    "file": "/run/media/andrej-rumenovski/New Volume/Code/StericX/docs/benchmarks/morfeus_current/inputs/SIG-NIHDA-498_7d70a0ce/conf_007.xyz",
    "buried_volume": 53.077163932000424,
    "percent_buried_volume": 29.553911388023533,
    "qvbur_min": 9.779314956214412,
    "qvbur_max": 18.53290915420848,
    "max_delta_qvbur": 8.648690938630622,
    "ovbur_min": 0.0,
    "ovbur_max": 17.83355409178552,
    "near_vbur": 52.39335009318686,
    "far_vbur": 0.6838138388135624
  },
  {
    "file": "/run/media/andrej-rumenovski/New Volume/Code/StericX/docs/benchmarks/morfeus_current/inputs/SIG-NIHDA-498_7d70a0ce/conf_008.xyz",
    "buried_volume": 53.077163932000424,
    "percent_buried_volume": 29.553911388023533,
    "qvbur_min": 9.779314956214412,
    "qvbur_max": 18.53290915420848,
    "max_delta_qvbur": 8.648690938630622,
    "ovbur_min": 0.0,
    "ovbur_max": 17.83355409178552,
    "near_vbur": 52.39335009318686,
    "far_vbur": 0.6838138388135624
  },
  {
    "file": "/run/media/andrej-rumenovski/New Volume/Code/StericX/docs/benchmarks/morfeus_current/inputs/SIG-NIHDA-723_1db84e66/conf_000.xyz",
    "buried_volume": 80.52296482619931,
    "percent_buried_volume": 44.83601592246452,
    "qvbur_min": 10.070712898890646,
    "qvbur_max": 36.611237517842035,
    "max_delta_qvbur": 25.514803860731046,
    "ovbur_min": 0.0,
    "ovbur_max": 20.70090984771966,
    "near_vbur": 61.25961816234908,
    "far_vbur": 19.26334666385024
  },
  {
    "file": "/run/media/andrej-rumenovski/New Volume/Code/StericX/docs/benchmarks/morfeus_current/inputs/SIG-NIHDA-723_1db84e66/conf_001.xyz",
    "buried_volume": 80.53073543800402,
    "percent_buried_volume": 44.84034267912772,
    "qvbur_min": 10.070712898890646,
    "qvbur_max": 36.611237517842035,
    "max_delta_qvbur": 25.503147943023997,
    "ovbur_min": 0.0,
    "ovbur_max": 20.70090984771966,
    "near_vbur": 61.26350346825143,
    "far_vbur": 19.26723196975259
  },
  {
    "file": "/run/media/andrej-rumenovski/New Volume/Code/StericX/docs/benchmarks/morfeus_current/inputs/SIG-NIHDA-724_0d5c5a07/conf_000.xyz",
    "buried_volume": 75.77123570762552,
    "percent_buried_volume": 42.190204222914495,
    "qvbur_min": 9.581164355194572,
    "qvbur_max": 33.219365465090675,
    "max_delta_qvbur": 23.6382011098961,
    "ovbur_min": 0.0,
    "ovbur_max": 20.327920481094083,
    "near_vbur": 60.43981861695327,
    "far_vbur": 15.331417090672256
  },
  {
    "file": "/run/media/andrej-rumenovski/New Volume/Code/StericX/docs/benchmarks/morfeus_current/inputs/SIG-NIHDA-724_0d5c5a07/conf_001.xyz",
    "buried_volume": 75.77512101352788,
    "percent_buried_volume": 42.192367601246104,
    "qvbur_min": 9.581164355194572,
    "qvbur_max": 33.219365465090675,
    "max_delta_qvbur": 23.6382011098961,
    "ovbur_min": 0.0,
    "ovbur_max": 20.327920481094083,
    "near_vbur": 60.43981861695327,
    "far_vbur": 15.335302396574606
  },
  {
    "file": "/run/media/andrej-rumenovski/New Volume/Code/StericX/docs/benchmarks/morfeus_current/inputs/SIG-NIHDA-785_fe24eb0f/conf_000.xyz",
    "buried_volume": 47.53671771524963,
    "percent_buried_volume": 26.468933887158187,
    "qvbur_min": 9.359701918760635,
    "qvbur_max": 15.432435044133351,
    "max_delta_qvbur": 6.072733125372716,
    "ovbur_min": 0.0,
    "ovbur_max": 15.432435044133351,
    "near_vbur": 47.53671771524964,
    "far_vbur": 0.0
  },
  {
    "file": "/run/media/andrej-rumenovski/New Volume/Code/StericX/docs/benchmarks/morfeus_current/inputs/SIG-NIHDA-785_fe24eb0f/conf_001.xyz",
    "buried_volume": 47.53671771524963,
    "percent_buried_volume": 26.468933887158187,
    "qvbur_min": 9.359701918760635,
    "qvbur_max": 15.432435044133351,
    "max_delta_qvbur": 6.072733125372716,
    "ovbur_min": 0.0,
    "ovbur_max": 15.432435044133351,
    "near_vbur": 47.53671771524964,
    "far_vbur": 0.0
  }
]
