[
  {
    "file": "/run/media/andrej-rumenovski/New Volume/Code/StericX/docs/benchmarks/morfeus_current/inputs/SIG-NIHDA-1057_be992081/conf_000.xyz",
    "pyr_p": 0.9479392320849367,
    "pyr_alpha": 14.844343655764273
  },
  {
    "file": "/run/media/andrej-rumenovski/New Volume/Code/StericX/docs/benchmarks/morfeus_current/inputs/SIG-NIHDA-1058_219b0b66/conf_000.xyz",
    "pyr_p": 0.9470087260024461,
    "pyr_alpha": 14.98965418336993
  },
  {
    "file": "/run/media/andrej-rumenovski/New Volume/Code/StericX/docs/benchmarks/morfeus_current/inputs/SIG-NIHDA-1058_219b0b66/conf_001.xyz",
    "pyr_p": 0.9466846040827673,
    "pyr_alpha": 15.049205261735723
  },
  {
    "file": "/run/media/andrej-rumenovski/New Volume/Code/StericX/docs/benchmarks/morfeus_current/inputs/SIG-NIHDA-2062_d86f6436/conf_000.xyz",
    "pyr_p": 0.9405513840768023,
    "pyr_alpha": 16.82419849024184
  },
  {
    "file": "/run/media/andrej-rumenovski/New Volume/Code/StericX/docs/benchmarks/morfeus_current/inputs/SIG-NIHDA-2062_d86f6436/conf_001.xyz",
    "pyr_p": 0.9397690932906129,
    "pyr_alpha": 16.947164733873322
  },
  {
    "file": "/run/media/andrej-rumenovski/New Volume/Code/StericX/docs/benchmarks/morfeus_current/inputs/SIG-NIHDA-2062_d86f6436/conf_002.xyz",
    "pyr_p": 0.9371498960333068,
    "pyr_alpha": 17.346614135558244
  },
  {
    "file": "/run/media/andrej-rumenovski/New Volume/Code/StericX/docs/benchmarks/morfeus_current/inputs/SIG-NIHDA-2062_d86f6436/conf_003.xyz",
    "pyr_p": 0.9346571993601724,
    "pyr_alpha": 17.703783712313687
  },
  {
    "file": "/run/media/andrej-rumenovski/New Volume/Code/StericX/docs/benchmarks/morfeus_current/inputs/SIG-NIHDA-2063_9978c6ba/conf_000.xyz",
    "pyr_p": 0.9346532905261208,
    "pyr_alpha": 17.707696390889758
  },
  {
    "file": "/run/media/andrej-rumenovski/New Volume/Code/StericX/docs/benchmarks/morfeus_current/inputs/SIG-NIHDA-2063_9978c6ba/conf_001.xyz",
    "pyr_p": 0.9518364959834993,
    "pyr_alpha": 15.083725588964773
  },
  {
    "file": "/run/media/andrej-rumenovski/New Volume/Code/StericX/docs/benchmarks/morfeus_current/inputs/SIG-NIHDA-2063_9978c6ba/conf_002.xyz",
    "pyr_p": 0.9518360149991636,
    "pyr_alpha": 15.08380760008781
  },
  {
    "file": "/run/media/andrej-rumenovski/New Volume/Code/StericX/docs/benchmarks/morfeus_current/inputs/SIG-NIHDA-2063_9978c6ba/conf_003.xyz",
    "pyr_p": 0.9518363361586072,
    "pyr_alpha": 15.083747976041574
  },
  {
    "file": "/run/media/andrej-rumenovski/New Volume/Code/StericX/docs/benchmarks/morfeus_current/inputs/SIG-NIHDA-2063_9978c6ba/conf_004.xyz",
    "pyr_p": 0.950508426128221,
    "pyr_alpha": 15.301059364977037
  },
  {
    "file": "/run/media/andrej-rumenovski/New Volume/Code/StericX/docs/benchmarks/morfeus_current/inputs/SIG-NIHDA-2064_f0ba08d0/conf_000.xyz",
    "pyr_p": 0.9384198546227792,
    "pyr_alpha": 17.1222831957073
  },
  {
    "file": "/run/media/andrej-rumenovski/New Volume/Code/StericX/docs/benchmarks/morfeus_current/inputs/SIG-NIHDA-2064_f0ba08d0/conf_001.xyz",
    "pyr_p": 0.9310571702441394,
    "pyr_alpha": 18.21673650671962
  },
  {
    "file": "/run/media/andrej-rumenovski/New Volume/Code/StericX/docs/benchmarks/morfeus_current/inputs/SIG-NIHDA-2064_f0ba08d0/conf_002.xyz",
    "pyr_p": 0.9310560128986274,
    "pyr_alpha": 18.216895082088463
  },
  {
    "file": "/run/media/andrej-rumenovski/New Volume/Code/StericX/docs/benchmarks/morfeus_current/inputs/SIG-NIHDA-2064_f0ba08d0/conf_003.xyz",
    "pyr_p": 0.9310548005792227,
    "pyr_alpha": 18.217061760903626
  },
  {
    "file": "/run/media/andrej-rumenovski/New Volume/Code/StericX/docs/benchmarks/morfeus_current/inputs/SIG-NIHDA-2064_f0ba08d0/conf_004.xyz",
    "pyr_p": 0.9203587693552424,
    "pyr_alpha": 19.649866847690085
  },
  {
    "file": "/run/media/andrej-rumenovski/New Volume/Code/StericX/docs/benchmarks/morfeus_current/inputs/SIG-NIHDA-2064_f0ba08d0/conf_005.xyz",
    "pyr_p": 0.9203543536278613,
    "pyr_alpha": 19.650454733835026
  },
  {
    "file": "/run/media/andrej-rumenovski/New Volume/Code/StericX/docs/benchmarks/morfeus_current/inputs/SIG-NIHDA-2064_f0ba08d0/conf_006.xyz",
    "pyr_p": 0.9243069546340962,
    "pyr_alpha": 19.13550141963742
  },
  {
    "file": "/run/media/andrej-rumenovski/New Volume/Code/StericX/docs/benchmarks/morfeus_current/inputs/SIG-NIHDA-2064_f0ba08d0/conf_007.xyz",
    "pyr_p": 0.9243060802557098,
    "pyr_alpha": 19.13562419605041
  },
  {
    "file": "/run/media/andrej-rumenovski/New Volume/Code/StericX/docs/benchmarks/morfeus_current/inputs/SIG-NIHDA-2064_f0ba08d0/conf_008.xyz",
    "pyr_p": 0.9243081481835363,
    "pyr_alpha": 19.135355429908884
  },
  {
    "file": "/run/media/andrej-rumenovski/New Volume/Code/StericX/docs/benchmarks/morfeus_current/inputs/SIG-NIHDA-2064_f0ba08d0/conf_009.xyz",
    "pyr_p": 0.9243054135865468,
    "pyr_alpha": 19.13570324822344
  },
  {
    "file": "/run/media/andrej-rumenovski/New Volume/Code/StericX/docs/benchmarks/morfeus_current/inputs/SIG-NIHDA-2064_f0ba08d0/conf_010.xyz",
    "pyr_p": 0.9363370426559333,
    "pyr_alpha": 17.371408564313747
  },
  {
    "file": "/run/media/andrej-rumenovski/New Volume/Code/StericX/docs/benchmarks/morfeus_current/inputs/SIG-NIHDA-2064_f0ba08d0/conf_011.xyz",
    "pyr_p": 0.936336136725197,
    "pyr_alpha": 17.371520657821964
  },
  {
    "file": "/run/media/andrej-rumenovski/New Volume/Code/StericX/docs/benchmarks/morfeus_current/inputs/SIG-NIHDA-2067_1f828bfa/conf_000.xyz",
    "pyr_p": 0.9381223352306718,
    "pyr_alpha": 17.204602342432274
  },
  {
    "file": "/run/media/andrej-rumenovski/New Volume/Code/StericX/docs/benchmarks/morfeus_current/inputs/SIG-NIHDA-2067_1f828bfa/conf_001.xyz",
    "pyr_p": 0.9381225668062243,
    "pyr_alpha": 17.204568095151473
  },
  {
    "file": "/run/media/andrej-rumenovski/New Volume/Code/StericX/docs/benchmarks/morfeus_current/inputs/SIG-NIHDA-2067_1f828bfa/conf_002.xyz",
    "pyr_p": 0.9382885693566468,
    "pyr_alpha": 17.16443737964938
  },
  {
    "file": "/run/media/andrej-rumenovski/New Volume/Code/StericX/docs/benchmarks/morfeus_current/inputs/SIG-NIHDA-2067_1f828bfa/conf_003.xyz",
    "pyr_p": 0.9382725603461237,
    "pyr_alpha": 17.166770016871983
  },
  {
    "file": "/run/media/andrej-rumenovski/New Volume/Code/StericX/docs/benchmarks/morfeus_current/inputs/SIG-NIHDA-2067_1f828bfa/conf_004.xyz",
    "pyr_p": 0.9376227975680264,
    "pyr_alpha": 17.25609554950607
  },
  {
    "file": "/run/media/andrej-rumenovski/New Volume/Code/StericX/docs/benchmarks/morfeus_current/inputs/SIG-NIHDA-2067_1f828bfa/conf_005.xyz",
    "pyr_p": 0.9315826029457068,
    "pyr_alpha": 18.120526335205795
  },
  {
    "file": "/run/media/andrej-rumenovski/New Volume/Code/StericX/docs/benchmarks/morfeus_current/inputs/SIG-NIHDA-2067_1f828bfa/conf_006.xyz",
    "pyr_p": 0.934925326293124,
    "pyr_alpha": 17.662943906711988
  },
  {
    "file": "/run/media/andrej-rumenovski/New Volume/Code/StericX/docs/benchmarks/morfeus_current/inputs/SIG-NIHDA-2067_1f828bfa/conf_007.xyz",
    "pyr_p": 0.9338037664787011,
    "pyr_alpha": 17.811682344509947
  },
  {
    "file": "/run/media/andrej-rumenovski/New Volume/Code/StericX/docs/benchmarks/morfeus_current/inputs/SIG-NIHDA-2067_1f828bfa/conf_008.xyz",
    "pyr_p": 0.9405191517610687,
    "pyr_alpha": 16.84098175450048
  },
  {
    "file": "/run/media/andrej-rumenovski/New Volume/Code/StericX/docs/benchmarks/morfeus_current/inputs/SIG-NIHDA-2067_1f828bfa/conf_009.xyz",
    "pyr_p": 0.9431007473252541,
    "pyr_alpha": 16.396879321651767
  },
  {
    "file": "/run/media/andrej-rumenovski/New Volume/Code/StericX/docs/benchmarks/morfeus_current/inputs/SIG-NIHDA-2067_1f828bfa/conf_010.xyz",
    "pyr_p": 0.9386063235254666,
    "pyr_alpha": 17.08789586375987
  },
  {
    "file": "/run/media/andrej-rumenovski/New Volume/Code/StericX/docs/benchmarks/morfeus_current/inputs/SIG-NIHDA-401_9d42bff1/conf_000.xyz",
    "pyr_p": 0.931766621807942,
    "pyr_alpha": 17.104389086660685
  },
  {
    "file": "/run/media/andrej-rumenovski/New Volume/Code/StericX/docs/benchmarks/morfeus_current/inputs/SIG-NIHDA-401_9d42bff1/conf_001.xyz",
    "pyr_p": 0.9318070245297254,
    "pyr_alpha": 17.099405074456815
  },
  {
    "file": "/run/media/andrej-rumenovski/New Volume/Code/StericX/docs/benchmarks/morfeus_current/inputs/SIG-NIHDA-401_9d42bff1/conf_002.xyz",
    "pyr_p": 0.9318071295784808,
    "pyr_alpha": 17.09938677526991
  },
  {
    "file": "/run/media/andrej-rumenovski/New Volume/Code/StericX/docs/benchmarks/morfeus_current/inputs/SIG-NIHDA-401_9d42bff1/conf_003.xyz",
    "pyr_p": 0.9266741242252367,
    "pyr_alpha": 17.769479297336062
  },
  {
    "file": "/run/media/andrej-rumenovski/New Volume/Code/StericX/docs/benchmarks/morfeus_current/inputs/SIG-NIHDA-401_9d42bff1/conf_004.xyz",
    "pyr_p": 0.9266758813622197,
    "pyr_alpha": 17.769375176965525
  },
  {
    "file": "/run/media/andrej-rumenovski/New Volume/Code/StericX/docs/benchmarks/morfeus_current/inputs/SIG-NIHDA-401_9d42bff1/conf_005.xyz",
    "pyr_p": 0.9266763871071045,
    "pyr_alpha": 17.769310336242132
  },
  {
    "file": "/run/media/andrej-rumenovski/New Volume/Code/StericX/docs/benchmarks/morfeus_current/inputs/SIG-NIHDA-498_7d70a0ce/conf_000.xyz",
    "pyr_p": 0.9400246145083371,
    "pyr_alpha": 16.921498164793313
  },
  {
    "file": "/run/media/andrej-rumenovski/New Volume/Code/StericX/docs/benchmarks/morfeus_current/inputs/SIG-NIHDA-498_7d70a0ce/conf_001.xyz",
    "pyr_p": 0.9400250611343826,
    "pyr_alpha": 16.921432691665427
  },
  {
    "file": "/run/media/andrej-rumenovski/New Volume/Code/StericX/docs/benchmarks/morfeus_current/inputs/SIG-NIHDA-498_7d70a0ce/conf_002.xyz",
    "pyr_p": 0.9400237451887002,
    "pyr_alpha": 16.921625715989173
  },
  {
    "file": "/run/media/andrej-rumenovski/New Volume/Code/StericX/docs/benchmarks/morfeus_current/inputs/SIG-NIHDA-498_7d70a0ce/conf_003.xyz",
    "pyr_p": 0.940023484775124,
    "pyr_alpha": 16.921665619960798
  },
  {
    "file": "/run/media/andrej-rumenovski/New Volume/Code/StericX/docs/benchmarks/morfeus_current/inputs/SIG-NIHDA-498_7d70a0ce/conf_004.xyz",
    "pyr_p": 0.9400233750978556,
    "pyr_alpha": 16.92168208136903
  },
  {
    "file": "/run/media/andrej-rumenovski/New Volume/Code/StericX/docs/benchmarks/morfeus_current/inputs/SIG-NIHDA-498_7d70a0ce/conf_005.xyz",
    "pyr_p": 0.9400225371548317,
    "pyr_alpha": 16.921806192007512
  },
  {
    "file": "/run/media/andrej-rumenovski/New Volume/Code/StericX/docs/benchmarks/morfeus_current/inputs/SIG-NIHDA-498_7d70a0ce/conf_006.xyz",
    "pyr_p": 0.9400235639382324,
    "pyr_alpha": 16.92165239260735
  },
  {
    "file": "/run/media/andrej-rumenovski/New Volume/Code/StericX/docs/benchmarks/morfeus_current/inputs/SIG-NIHDA-498_7d70a0ce/conf_007.xyz",
    "pyr_p": 0.9400245362039448,
    "pyr_alpha": 16.921509387217167
  },
  {
    "file": "/run/media/andrej-rumenovski/New Volume/Code/StericX/docs/benchmarks/morfeus_current/inputs/SIG-NIHDA-498_7d70a0ce/conf_008.xyz",
    "pyr_p": 0.9400243620928517,
    "pyr_alpha": 16.921533881423326
  },
  {
    "file": "/run/media/andrej-rumenovski/New Volume/Code/StericX/docs/benchmarks/morfeus_current/inputs/SIG-NIHDA-723_1db84e66/conf_000.xyz",
    "pyr_p": 0.9476227026811826,
    "pyr_alpha": 14.872562537672405
  },
  {
    "file": "/run/media/andrej-rumenovski/New Volume/Code/StericX/docs/benchmarks/morfeus_current/inputs/SIG-NIHDA-723_1db84e66/conf_001.xyz",
    "pyr_p": 0.9476240731108437,
    "pyr_alpha": 14.872350187133852
  },
  {
    "file": "/run/media/andrej-rumenovski/New Volume/Code/StericX/docs/benchmarks/morfeus_current/inputs/SIG-NIHDA-724_0d5c5a07/conf_000.xyz",
    "pyr_p": 0.9434746968788065,
    "pyr_alpha": 15.426540274974453
  },
  {
    "file": "/run/media/andrej-rumenovski/New Volume/Code/StericX/docs/benchmarks/morfeus_current/inputs/SIG-NIHDA-724_0d5c5a07/conf_001.xyz",
    "pyr_p": 0.943476164542992,
    "pyr_alpha": 15.426349981313038
  },
  {
    "file": "/run/media/andrej-rumenovski/New Volume/Code/StericX/docs/benchmarks/morfeus_current/inputs/SIG-NIHDA-785_fe24eb0f/conf_000.xyz",
    "pyr_p": 0.9352413802145375,
    "pyr_alpha": 17.62199691680486
  },
  {
    "file": "/run/media/andrej-rumenovski/New Volume/Code/StericX/docs/benchmarks/morfeus_current/inputs/SIG-NIHDA-785_fe24eb0f/conf_001.xyz",
    "pyr_p": 0.9352423214294128,
    "pyr_alpha": 17.62186169722904
  }
]
