[
  {
    "file": "/run/media/andrej-rumenovski/New Volume/Code/StericX/docs/benchmarks/morfeus_current/inputs/SIG-NIHDA-1057_be992081/conf_000.xyz",
    "pyr_alpha": 14.844343185424805,
    "pyr_p": 0.9479392170906067
  },
  {
    "file": "/run/media/andrej-rumenovski/New Volume/Code/StericX/docs/benchmarks/morfeus_current/inputs/SIG-NIHDA-1058_219b0b66/conf_000.xyz",
    "pyr_alpha": 14.989654541015625,
    "pyr_p": 0.9470087289810181
  },
  {
    "file": "/run/media/andrej-rumenovski/New Volume/Code/StericX/docs/benchmarks/morfeus_current/inputs/SIG-NIHDA-1058_219b0b66/conf_001.xyz",
    "pyr_alpha": 15.04920482635498,
    "pyr_p": 0.9466845989227295
  },
  {
    "file": "/run/media/andrej-rumenovski/New Volume/Code/StericX/docs/benchmarks/morfeus_current/inputs/SIG-NIHDA-2062_d86f6436/conf_000.xyz",
    "pyr_alpha": 16.82419776916504,
    "pyr_p": 0.9405514001846313
  },
  {
    "file": "/run/media/andrej-rumenovski/New Volume/Code/StericX/docs/benchmarks/morfeus_current/inputs/SIG-NIHDA-2062_d86f6436/conf_001.xyz",
    "pyr_alpha": 16.94716453552246,
    "pyr_p": 0.9397690892219543
  },
  {
    "file": "/run/media/andrej-rumenovski/New Volume/Code/StericX/docs/benchmarks/morfeus_current/inputs/SIG-NIHDA-2062_d86f6436/conf_002.xyz",
    "pyr_alpha": 17.346614837646484,
    "pyr_p": 0.9371498823165894
  },
  {
    "file": "/run/media/andrej-rumenovski/New Volume/Code/StericX/docs/benchmarks/morfeus_current/inputs/SIG-NIHDA-2062_d86f6436/conf_003.xyz",
    "pyr_alpha": 17.70378303527832,
    "pyr_p": 0.9346572160720825
  },
  {
    "file": "/run/media/andrej-rumenovski/New Volume/Code/StericX/docs/benchmarks/morfeus_current/inputs/SIG-NIHDA-2063_9978c6ba/conf_000.xyz",
    "pyr_alpha": 17.70769691467285,
    "pyr_p": 0.9346532821655273
  },
  {
    "file": "/run/media/andrej-rumenovski/New Volume/Code/StericX/docs/benchmarks/morfeus_current/inputs/SIG-NIHDA-2063_9978c6ba/conf_001.xyz",
    "pyr_alpha": 15.083725929260254,
    "pyr_p": 0.9518364667892456
  },
  {
    "file": "/run/media/andrej-rumenovski/New Volume/Code/StericX/docs/benchmarks/morfeus_current/inputs/SIG-NIHDA-2063_9978c6ba/conf_002.xyz",
    "pyr_alpha": 15.083807945251465,
    "pyr_p": 0.9518359899520874
  },
  {
    "file": "/run/media/andrej-rumenovski/New Volume/Code/StericX/docs/benchmarks/morfeus_current/inputs/SIG-NIHDA-2063_9978c6ba/conf_003.xyz",
    "pyr_alpha": 15.083747863769531,
    "pyr_p": 0.951836347579956
  },
  {
    "file": "/run/media/andrej-rumenovski/New Volume/Code/StericX/docs/benchmarks/morfeus_current/inputs/SIG-NIHDA-2063_9978c6ba/conf_004.xyz",
    "pyr_alpha": 15.30105972290039,
    "pyr_p": 0.9505084156990051
  },
  {
    "file": "/run/media/andrej-rumenovski/New Volume/Code/StericX/docs/benchmarks/morfeus_current/inputs/SIG-NIHDA-2064_f0ba08d0/conf_000.xyz",
    "pyr_alpha": 17.122283935546875,
    "pyr_p": 0.9384198784828186
  },
  {
    "file": "/run/media/andrej-rumenovski/New Volume/Code/StericX/docs/benchmarks/morfeus_current/inputs/SIG-NIHDA-2064_f0ba08d0/conf_001.xyz",
    "pyr_alpha": 18.21673583984375,
    "pyr_p": 0.9310571551322937
  },
  {
    "file": "/run/media/andrej-rumenovski/New Volume/Code/StericX/docs/benchmarks/morfeus_current/inputs/SIG-NIHDA-2064_f0ba08d0/conf_002.xyz",
    "pyr_alpha": 18.216894149780273,
    "pyr_p": 0.931056022644043
  },
  {
    "file": "/run/media/andrej-rumenovski/New Volume/Code/StericX/docs/benchmarks/morfeus_current/inputs/SIG-NIHDA-2064_f0ba08d0/conf_003.xyz",
    "pyr_alpha": 18.21706199645996,
    "pyr_p": 0.9310547709465027
  },
  {
    "file": "/run/media/andrej-rumenovski/New Volume/Code/StericX/docs/benchmarks/morfeus_current/inputs/SIG-NIHDA-2064_f0ba08d0/conf_004.xyz",
    "pyr_alpha": 19.649866104125977,
    "pyr_p": 0.9203587770462036
  },
  {
    "file": "/run/media/andrej-rumenovski/New Volume/Code/StericX/docs/benchmarks/morfeus_current/inputs/SIG-NIHDA-2064_f0ba08d0/conf_005.xyz",
    "pyr_alpha": 19.650455474853516,
    "pyr_p": 0.9203543663024902
  },
  {
    "file": "/run/media/andrej-rumenovski/New Volume/Code/StericX/docs/benchmarks/morfeus_current/inputs/SIG-NIHDA-2064_f0ba08d0/conf_006.xyz",
    "pyr_alpha": 19.135501861572266,
    "pyr_p": 0.9243069291114807
  },
  {
    "file": "/run/media/andrej-rumenovski/New Volume/Code/StericX/docs/benchmarks/morfeus_current/inputs/SIG-NIHDA-2064_f0ba08d0/conf_007.xyz",
    "pyr_alpha": 19.135623931884766,
    "pyr_p": 0.9243060946464539
  },
  {
    "file": "/run/media/andrej-rumenovski/New Volume/Code/StericX/docs/benchmarks/morfeus_current/inputs/SIG-NIHDA-2064_f0ba08d0/conf_008.xyz",
    "pyr_alpha": 19.13535499572754,
    "pyr_p": 0.9243081212043762
  },
  {
    "file": "/run/media/andrej-rumenovski/New Volume/Code/StericX/docs/benchmarks/morfeus_current/inputs/SIG-NIHDA-2064_f0ba08d0/conf_009.xyz",
    "pyr_alpha": 19.135704040527344,
    "pyr_p": 0.9243054389953613
  },
  {
    "file": "/run/media/andrej-rumenovski/New Volume/Code/StericX/docs/benchmarks/morfeus_current/inputs/SIG-NIHDA-2064_f0ba08d0/conf_010.xyz",
    "pyr_alpha": 17.371408462524414,
    "pyr_p": 0.9363370537757874
  },
  {
    "file": "/run/media/andrej-rumenovski/New Volume/Code/StericX/docs/benchmarks/morfeus_current/inputs/SIG-NIHDA-2064_f0ba08d0/conf_011.xyz",
    "pyr_alpha": 17.37152099609375,
    "pyr_p": 0.9363361597061157
  },
  {
    "file": "/run/media/andrej-rumenovski/New Volume/Code/StericX/docs/benchmarks/morfeus_current/inputs/SIG-NIHDA-2067_1f828bfa/conf_000.xyz",
    "pyr_alpha": 17.20460319519043,
    "pyr_p": 0.9381223320960999
  },
  {
    "file": "/run/media/andrej-rumenovski/New Volume/Code/StericX/docs/benchmarks/morfeus_current/inputs/SIG-NIHDA-2067_1f828bfa/conf_001.xyz",
    "pyr_alpha": 17.20456886291504,
    "pyr_p": 0.938122570514679
  },
  {
    "file": "/run/media/andrej-rumenovski/New Volume/Code/StericX/docs/benchmarks/morfeus_current/inputs/SIG-NIHDA-2067_1f828bfa/conf_002.xyz",
    "pyr_alpha": 17.164438247680664,
    "pyr_p": 0.9382885694503784
  },
  {
    "file": "/run/media/andrej-rumenovski/New Volume/Code/StericX/docs/benchmarks/morfeus_current/inputs/SIG-NIHDA-2067_1f828bfa/conf_003.xyz",
    "pyr_alpha": 17.166770935058594,
    "pyr_p": 0.9382725358009338
  },
  {
    "file": "/run/media/andrej-rumenovski/New Volume/Code/StericX/docs/benchmarks/morfeus_current/inputs/SIG-NIHDA-2067_1f828bfa/conf_004.xyz",
    "pyr_alpha": 17.25609588623047,
    "pyr_p": 0.9376227855682373
  },
  {
    "file": "/run/media/andrej-rumenovski/New Volume/Code/StericX/docs/benchmarks/morfeus_current/inputs/SIG-NIHDA-2067_1f828bfa/conf_005.xyz",
    "pyr_alpha": 18.120527267456055,
    "pyr_p": 0.9315826296806335
  },
  {
    "file": "/run/media/andrej-rumenovski/New Volume/Code/StericX/docs/benchmarks/morfeus_current/inputs/SIG-NIHDA-2067_1f828bfa/conf_006.xyz",
    "pyr_alpha": 17.662944793701172,
    "pyr_p": 0.9349253177642822
  },
  {
    "file": "/run/media/andrej-rumenovski/New Volume/Code/StericX/docs/benchmarks/morfeus_current/inputs/SIG-NIHDA-2067_1f828bfa/conf_007.xyz",
    "pyr_alpha": 17.811681747436523,
    "pyr_p": 0.9338037371635437
  },
  {
    "file": "/run/media/andrej-rumenovski/New Volume/Code/StericX/docs/benchmarks/morfeus_current/inputs/SIG-NIHDA-2067_1f828bfa/conf_008.xyz",
    "pyr_alpha": 16.84098243713379,
    "pyr_p": 0.9405191540718079
  },
  {
    "file": "/run/media/andrej-rumenovski/New Volume/Code/StericX/docs/benchmarks/morfeus_current/inputs/SIG-NIHDA-2067_1f828bfa/conf_009.xyz",
    "pyr_alpha": 16.396879196166992,
    "pyr_p": 0.9431007504463196
  },
  {
    "file": "/run/media/andrej-rumenovski/New Volume/Code/StericX/docs/benchmarks/morfeus_current/inputs/SIG-NIHDA-2067_1f828bfa/conf_010.xyz",
    "pyr_alpha": 17.0878963470459,
    "pyr_p": 0.938606321811676
  },
  {
    "file": "/run/media/andrej-rumenovski/New Volume/Code/StericX/docs/benchmarks/morfeus_current/inputs/SIG-NIHDA-401_9d42bff1/conf_000.xyz",
    "pyr_alpha": 17.104389190673828,
    "pyr_p": 0.9317666292190552
  },
  {
    "file": "/run/media/andrej-rumenovski/New Volume/Code/StericX/docs/benchmarks/morfeus_current/inputs/SIG-NIHDA-401_9d42bff1/conf_001.xyz",
    "pyr_alpha": 17.09940528869629,
    "pyr_p": 0.9318070411682129
  },
  {
    "file": "/run/media/andrej-rumenovski/New Volume/Code/StericX/docs/benchmarks/morfeus_current/inputs/SIG-NIHDA-401_9d42bff1/conf_002.xyz",
    "pyr_alpha": 17.09938621520996,
    "pyr_p": 0.9318071007728577
  },
  {
    "file": "/run/media/andrej-rumenovski/New Volume/Code/StericX/docs/benchmarks/morfeus_current/inputs/SIG-NIHDA-401_9d42bff1/conf_003.xyz",
    "pyr_alpha": 17.769479751586914,
    "pyr_p": 0.9266741275787354
  },
  {
    "file": "/run/media/andrej-rumenovski/New Volume/Code/StericX/docs/benchmarks/morfeus_current/inputs/SIG-NIHDA-401_9d42bff1/conf_004.xyz",
    "pyr_alpha": 17.76937484741211,
    "pyr_p": 0.9266758561134338
  },
  {
    "file": "/run/media/andrej-rumenovski/New Volume/Code/StericX/docs/benchmarks/morfeus_current/inputs/SIG-NIHDA-401_9d42bff1/conf_005.xyz",
    "pyr_alpha": 17.769309997558594,
    "pyr_p": 0.9266763925552368
  },
  {
    "file": "/run/media/andrej-rumenovski/New Volume/Code/StericX/docs/benchmarks/morfeus_current/inputs/SIG-NIHDA-498_7d70a0ce/conf_000.xyz",
    "pyr_alpha": 16.921497344970703,
    "pyr_p": 0.9400246143341064
  },
  {
    "file": "/run/media/andrej-rumenovski/New Volume/Code/StericX/docs/benchmarks/morfeus_current/inputs/SIG-NIHDA-498_7d70a0ce/conf_001.xyz",
    "pyr_alpha": 16.921432495117188,
    "pyr_p": 0.9400250315666199
  },
  {
    "file": "/run/media/andrej-rumenovski/New Volume/Code/StericX/docs/benchmarks/morfeus_current/inputs/SIG-NIHDA-498_7d70a0ce/conf_002.xyz",
    "pyr_alpha": 16.9216251373291,
    "pyr_p": 0.9400237202644348
  },
  {
    "file": "/run/media/andrej-rumenovski/New Volume/Code/StericX/docs/benchmarks/morfeus_current/inputs/SIG-NIHDA-498_7d70a0ce/conf_003.xyz",
    "pyr_alpha": 16.92166519165039,
    "pyr_p": 0.9400234818458557
  },
  {
    "file": "/run/media/andrej-rumenovski/New Volume/Code/StericX/docs/benchmarks/morfeus_current/inputs/SIG-NIHDA-498_7d70a0ce/conf_004.xyz",
    "pyr_alpha": 16.921682357788086,
    "pyr_p": 0.9400233626365662
  },
  {
    "file": "/run/media/andrej-rumenovski/New Volume/Code/StericX/docs/benchmarks/morfeus_current/inputs/SIG-NIHDA-498_7d70a0ce/conf_005.xyz",
    "pyr_alpha": 16.92180633544922,
    "pyr_p": 0.9400225281715393
  },
  {
    "file": "/run/media/andrej-rumenovski/New Volume/Code/StericX/docs/benchmarks/morfeus_current/inputs/SIG-NIHDA-498_7d70a0ce/conf_006.xyz",
    "pyr_alpha": 16.92165184020996,
    "pyr_p": 0.9400235414505005
  },
  {
    "file": "/run/media/andrej-rumenovski/New Volume/Code/StericX/docs/benchmarks/morfeus_current/inputs/SIG-NIHDA-498_7d70a0ce/conf_007.xyz",
    "pyr_alpha": 16.9215087890625,
    "pyr_p": 0.9400245547294617
  },
  {
    "file": "/run/media/andrej-rumenovski/New Volume/Code/StericX/docs/benchmarks/morfeus_current/inputs/SIG-NIHDA-498_7d70a0ce/conf_008.xyz",
    "pyr_alpha": 16.921533584594727,
    "pyr_p": 0.9400243759155273
  },
  {
    "file": "/run/media/andrej-rumenovski/New Volume/Code/StericX/docs/benchmarks/morfeus_current/inputs/SIG-NIHDA-723_1db84e66/conf_000.xyz",
    "pyr_alpha": 14.872562408447266,
    "pyr_p": 0.9476227164268494
  },
  {
    "file": "/run/media/andrej-rumenovski/New Volume/Code/StericX/docs/benchmarks/morfeus_current/inputs/SIG-NIHDA-723_1db84e66/conf_001.xyz",
    "pyr_alpha": 14.872349739074707,
    "pyr_p": 0.9476240873336792
  },
  {
    "file": "/run/media/andrej-rumenovski/New Volume/Code/StericX/docs/benchmarks/morfeus_current/inputs/SIG-NIHDA-724_0d5c5a07/conf_000.xyz",
    "pyr_alpha": 15.42654037475586,
    "pyr_p": 0.9434747099876404
  },
  {
    "file": "/run/media/andrej-rumenovski/New Volume/Code/StericX/docs/benchmarks/morfeus_current/inputs/SIG-NIHDA-724_0d5c5a07/conf_001.xyz",
    "pyr_alpha": 15.426349639892578,
    "pyr_p": 0.943476140499115
  },
  {
    "file": "/run/media/andrej-rumenovski/New Volume/Code/StericX/docs/benchmarks/morfeus_current/inputs/SIG-NIHDA-785_fe24eb0f/conf_000.xyz",
    "pyr_alpha": 17.621997833251953,
    "pyr_p": 0.9352414011955261
  },
  {
    "file": "/run/media/andrej-rumenovski/New Volume/Code/StericX/docs/benchmarks/morfeus_current/inputs/SIG-NIHDA-785_fe24eb0f/conf_001.xyz",
    "pyr_alpha": 17.621862411499023,
    "pyr_p": 0.9352422952651978
  }
]
