{
  "Compilers": {
    "c": {
      "name": "gcc",
      "linker": "ld.bfd",
      "version": "14.2.1",
      "commands": "cc"
    },
    "cython": {
      "name": "cython",
      "linker": "cython",
      "version": "3.3.0",
      "commands": "cython"
    },
    "c++": {
      "name": "gcc",
      "linker": "ld.bfd",
      "version": "14.2.1",
      "commands": "c++"
    }
  },
  "Machine Information": {
    "host": {
      "cpu": "x86_64",
      "family": "x86_64",
      "endian": "little",
      "system": "linux"
    },
    "build": {
      "cpu": "x86_64",
      "family": "x86_64",
      "endian": "little",
      "system": "linux"
    }
  },
  "Build Dependencies": {
    "blas": {
      "name": "scipy-openblas",
      "found": true,
      "version": "0.3.34.106.0",
      "detection method": "pkgconfig",
      "include directory": "/opt/_internal/cpython-3.12.13/lib/python3.12/site-packages/scipy_openblas64/include",
      "lib directory": "/opt/_internal/cpython-3.12.13/lib/python3.12/site-packages/scipy_openblas64/lib",
      "openblas configuration": "OpenBLAS 0.3.34.106.0  USE64BITINT DYNAMIC_ARCH NO_AFFINITY Haswell MAX_THREADS=64",
      "pc file directory": "/project/.openblas"
    },
    "lapack": {
      "name": "scipy-openblas",
      "found": true,
      "version": "0.3.34.106.0",
      "detection method": "pkgconfig",
      "include directory": "/opt/_internal/cpython-3.12.13/lib/python3.12/site-packages/scipy_openblas64/include",
      "lib directory": "/opt/_internal/cpython-3.12.13/lib/python3.12/site-packages/scipy_openblas64/lib",
      "openblas configuration": "OpenBLAS 0.3.34.106.0  USE64BITINT DYNAMIC_ARCH NO_AFFINITY Haswell MAX_THREADS=64",
      "pc file directory": "/project/.openblas"
    }
  },
  "Python Information": {
    "path": "/tmp/build-env-kabtnrrv/bin/python",
    "version": "3.12"
  },
  "SIMD Extensions": {
    "baseline": [
      "X86_V2"
    ],
    "found": [
      "X86_V3"
    ],
    "not found": [
      "X86_V4",
      "AVX512_ICL",
      "AVX512_SPR"
    ]
  }
}
