{
  "__init__.py": "38423f7b8155a4284a5fed005837918bc93fabd729c0b5a276a9026af9063c85",
  "__main__.py": "e7d99173e716792ef52d604459b36bbc0eda3f1b115f73f8c56319a701cb5125",
  "bite_angle.py": "cc780705cd3000e6e2be07074c1bb3f836a0e08940255d927e2df8fa70e58fe2",
  "buried_volume.py": "3b8865df53a71561cd6c1ab2382306e87d0bab6df3265feb5b8f143b35f4dfc3",
  "calculators.py": "34f30d4caf70ba492e48bd23bfd6c0ec2ca244cb164fdffd384f863683c23059",
  "cone_angle.py": "87b8a71229066b5a0df6a3176f56d2ab982151e7de7702cbb6625899635f5dc8",
  "config.py": "4e40cf790a95e676ce086f921345a0a545572f680bbc9822aa5f91b22a1b3658",
  "conformer.py": "dd60b7710f3c5b4b947c1e9c1755b5218935fa3d7f0693be6ab661a21f67cc7a",
  "d3_data.py": "72753aed7dca8e377f6bb5f3cf662578c55ad70511544dd3550c991733019020",
  "data.py": "f1a499794c9efe6479b525c7f9b79187476606fc97dec01f146c4d606e15eb7f",
  "dispersion.py": "5459170ffb3f8f63246f76c36add784c0800fba3f4f1b80bd53179233a2a1246",
  "geometry.py": "212bf88dbb3640da17972b52808fccf2b6be30bac31b32968a6777d3ceb6e8f9",
  "io.py": "7cd92bf88ddf81557bc95dd8da39d40effbc168ce098b116764f25fcc1ed7b49",
  "local_force.py": "377c705089d0f0fa13415af3c50179b4e4cafe154185194ac05e791f209da2d3",
  "plotting.py": "19d5ccd94ca1e90d8d0b57619fd8fb65992733c6937ea23845506e23d6027885",
  "pyramidalization.py": "95c33e07047871bfeba9b9d2c5f1780d26a79c46ae8bc962dfbfd42e6f96749c",
  "qc.py": "25fe89b7a04bd6b76fb3821ec3cdd2421b9900724a89c45990559e9e8e62c846",
  "sasa.py": "16b4eefc71221f3841f29b2220350b6f19c040e707ff38d6301bf1bb8403e4c5",
  "solid_angle.py": "98a93d4de025e394e9e873caaf000083498a7745047f51bb64746c1463377ec7",
  "sterimol.py": "6e5769c8b89014d72195198ac10b81c58d280f7511a33c42a60c880204ef72e5",
  "typing.py": "fac4b039236715dd84645157d0b430e7b2df7712aa118ce2486896d1690c04d7",
  "utils.py": "3c8595d1c1921c3017cb460a411e36f15fbc1911b84bec544389a0585bb870a8",
  "visible_volume.py": "030f227f8470562bd2be515fb3f324b5a59747695af1a1064f8876de48f73ff6",
  "xtb.py": "f22ca0cd627a6c4c29d9d848386c697b8fe67ae220fb46aa9a90ae7acf4b0751"
}
