   Compiling proc-macro2 v1.0.107
   Compiling unicode-ident v1.0.24
   Compiling quote v1.0.47
   Compiling crossbeam-utils v0.8.22
   Compiling serde_core v1.0.229
   Compiling crossbeam-epoch v0.9.20
   Compiling crossbeam-deque v0.8.7
   Compiling utf8parse v0.2.2
   Compiling anstyle v1.0.14
   Compiling colorchoice v1.0.5
   Compiling memchr v2.8.3
   Compiling libc v0.2.189
   Compiling anstyle-parse v1.0.0
   Compiling rayon-core v1.13.0
   Compiling zmij v1.0.23
   Compiling is_terminal_polyfill v1.70.2
   Compiling anstyle-query v1.1.5
   Compiling serde_json v1.0.151
   Compiling itoa v1.0.18
   Compiling anstream v1.0.0
   Compiling strsim v0.11.1
   Compiling clap_lex v1.1.0
   Compiling serde v1.0.229
   Compiling heck v0.5.0
   Compiling ryu v1.0.23
   Compiling either v1.17.0
   Compiling glam v0.30.10
   Compiling csv-core v0.1.13
   Compiling clap_builder v4.6.2
   Compiling syn v3.0.3
   Compiling syn v2.0.119
   Compiling memmap2 v0.9.11
   Compiling rayon v1.12.0
   Compiling csv v1.4.0
   Compiling bytemuck_derive v1.11.0
   Compiling bytemuck v1.25.2
   Compiling clap_derive v4.6.4
   Compiling serde_derive v1.0.229
   Compiling clap v4.6.4
   Compiling steric_x v0.3.0 (/run/media/andrej-rumenovski/New Volume/Code/StericX/.stericx/profiling/scientifically_validated_optimization/corrected_occupancy_shadow_v1/source)
    Finished `release` profile [optimized] target(s) in 47.21s
